../Core/Src/main.c:70:5:main	32	static,ignoring_inline_asm
../Core/Src/main.c:127:6:SystemClock_Config	88	static
../Core/Src/main.c:169:13:MX_GPIO_Init	40	static
../Core/Src/main.c:217:6:switch_priority	24	static
../Core/Src/main.c:254:6:button_interrupt_handler	8	static
../Core/Src/main.c:260:13:led1_handler	16	static
../Core/Src/main.c:270:13:led2_handler	16	static
../Core/Src/main.c:292:6:HAL_TIM_PeriodElapsedCallback	16	static
../Core/Src/main.c:310:6:Error_Handler	4	static,ignoring_inline_asm
