Archive member included to satisfy reference by file (symbol)

/opt/st/stm32cubeide_1.19.0/plugins/com.st.stm32cube.ide.mcu.externaltools.gnu-tools-for-stm32.13.3.rel1.linux64_1.0.0.202410170706/tools/bin/../lib/gcc/arm-none-eabi/13.3.1/../../../../arm-none-eabi/lib/thumb/v7e-m+fp/hard/libc_nano.a(libc_a-exit.o)
                              /opt/st/stm32cubeide_1.19.0/plugins/com.st.stm32cube.ide.mcu.externaltools.gnu-tools-for-stm32.13.3.rel1.linux64_1.0.0.202410170706/tools/bin/../lib/gcc/arm-none-eabi/13.3.1/../../../../arm-none-eabi/lib/thumb/v7e-m+fp/hard/crt0.o (exit)
/opt/st/stm32cubeide_1.19.0/plugins/com.st.stm32cube.ide.mcu.externaltools.gnu-tools-for-stm32.13.3.rel1.linux64_1.0.0.202410170706/tools/bin/../lib/gcc/arm-none-eabi/13.3.1/../../../../arm-none-eabi/lib/thumb/v7e-m+fp/hard/libc_nano.a(libc_a-findfp.o)
                              /opt/st/stm32cubeide_1.19.0/plugins/com.st.stm32cube.ide.mcu.externaltools.gnu-tools-for-stm32.13.3.rel1.linux64_1.0.0.202410170706/tools/bin/../lib/gcc/arm-none-eabi/13.3.1/../../../../arm-none-eabi/lib/thumb/v7e-m+fp/hard/libc_nano.a(libc_a-exit.o) (__stdio_exit_handler)
/opt/st/stm32cubeide_1.19.0/plugins/com.st.stm32cube.ide.mcu.externaltools.gnu-tools-for-stm32.13.3.rel1.linux64_1.0.0.202410170706/tools/bin/../lib/gcc/arm-none-eabi/13.3.1/../../../../arm-none-eabi/lib/thumb/v7e-m+fp/hard/libc_nano.a(libc_a-fwalk.o)
                              /opt/st/stm32cubeide_1.19.0/plugins/com.st.stm32cube.ide.mcu.externaltools.gnu-tools-for-stm32.13.3.rel1.linux64_1.0.0.202410170706/tools/bin/../lib/gcc/arm-none-eabi/13.3.1/../../../../arm-none-eabi/lib/thumb/v7e-m+fp/hard/libc_nano.a(libc_a-findfp.o) (_fwalk_sglue)
/opt/st/stm32cubeide_1.19.0/plugins/com.st.stm32cube.ide.mcu.externaltools.gnu-tools-for-stm32.13.3.rel1.linux64_1.0.0.202410170706/tools/bin/../lib/gcc/arm-none-eabi/13.3.1/../../../../arm-none-eabi/lib/thumb/v7e-m+fp/hard/libc_nano.a(libc_a-stdio.o)
                              /opt/st/stm32cubeide_1.19.0/plugins/com.st.stm32cube.ide.mcu.externaltools.gnu-tools-for-stm32.13.3.rel1.linux64_1.0.0.202410170706/tools/bin/../lib/gcc/arm-none-eabi/13.3.1/../../../../arm-none-eabi/lib/thumb/v7e-m+fp/hard/libc_nano.a(libc_a-findfp.o) (__sread)
/opt/st/stm32cubeide_1.19.0/plugins/com.st.stm32cube.ide.mcu.externaltools.gnu-tools-for-stm32.13.3.rel1.linux64_1.0.0.202410170706/tools/bin/../lib/gcc/arm-none-eabi/13.3.1/../../../../arm-none-eabi/lib/thumb/v7e-m+fp/hard/libc_nano.a(libc_a-memcmp.o)
                              ./common/ThirdParty/SEGGER/OS/SEGGER_SYSVIEW_FreeRTOS.o (memcmp)
/opt/st/stm32cubeide_1.19.0/plugins/com.st.stm32cube.ide.mcu.externaltools.gnu-tools-for-stm32.13.3.rel1.linux64_1.0.0.202410170706/tools/bin/../lib/gcc/arm-none-eabi/13.3.1/../../../../arm-none-eabi/lib/thumb/v7e-m+fp/hard/libc_nano.a(libc_a-memset.o)
                              /opt/st/stm32cubeide_1.19.0/plugins/com.st.stm32cube.ide.mcu.externaltools.gnu-tools-for-stm32.13.3.rel1.linux64_1.0.0.202410170706/tools/bin/../lib/gcc/arm-none-eabi/13.3.1/../../../../arm-none-eabi/lib/thumb/v7e-m+fp/hard/crt0.o (memset)
/opt/st/stm32cubeide_1.19.0/plugins/com.st.stm32cube.ide.mcu.externaltools.gnu-tools-for-stm32.13.3.rel1.linux64_1.0.0.202410170706/tools/bin/../lib/gcc/arm-none-eabi/13.3.1/../../../../arm-none-eabi/lib/thumb/v7e-m+fp/hard/libc_nano.a(libc_a-closer.o)
                              /opt/st/stm32cubeide_1.19.0/plugins/com.st.stm32cube.ide.mcu.externaltools.gnu-tools-for-stm32.13.3.rel1.linux64_1.0.0.202410170706/tools/bin/../lib/gcc/arm-none-eabi/13.3.1/../../../../arm-none-eabi/lib/thumb/v7e-m+fp/hard/libc_nano.a(libc_a-stdio.o) (_close_r)
/opt/st/stm32cubeide_1.19.0/plugins/com.st.stm32cube.ide.mcu.externaltools.gnu-tools-for-stm32.13.3.rel1.linux64_1.0.0.202410170706/tools/bin/../lib/gcc/arm-none-eabi/13.3.1/../../../../arm-none-eabi/lib/thumb/v7e-m+fp/hard/libc_nano.a(libc_a-reent.o)
                              /opt/st/stm32cubeide_1.19.0/plugins/com.st.stm32cube.ide.mcu.externaltools.gnu-tools-for-stm32.13.3.rel1.linux64_1.0.0.202410170706/tools/bin/../lib/gcc/arm-none-eabi/13.3.1/../../../../arm-none-eabi/lib/thumb/v7e-m+fp/hard/libc_nano.a(libc_a-closer.o) (errno)
/opt/st/stm32cubeide_1.19.0/plugins/com.st.stm32cube.ide.mcu.externaltools.gnu-tools-for-stm32.13.3.rel1.linux64_1.0.0.202410170706/tools/bin/../lib/gcc/arm-none-eabi/13.3.1/../../../../arm-none-eabi/lib/thumb/v7e-m+fp/hard/libc_nano.a(libc_a-impure.o)
                              /opt/st/stm32cubeide_1.19.0/plugins/com.st.stm32cube.ide.mcu.externaltools.gnu-tools-for-stm32.13.3.rel1.linux64_1.0.0.202410170706/tools/bin/../lib/gcc/arm-none-eabi/13.3.1/../../../../arm-none-eabi/lib/thumb/v7e-m+fp/hard/libc_nano.a(libc_a-reent.o) (_impure_ptr)
/opt/st/stm32cubeide_1.19.0/plugins/com.st.stm32cube.ide.mcu.externaltools.gnu-tools-for-stm32.13.3.rel1.linux64_1.0.0.202410170706/tools/bin/../lib/gcc/arm-none-eabi/13.3.1/../../../../arm-none-eabi/lib/thumb/v7e-m+fp/hard/libc_nano.a(libc_a-lseekr.o)
[...]
Memory Configuration

Name             Origin             Length             Attributes
RAM              0x20000000         0x00020000         xrw
FLASH            0x08000000         0x00080000         xr
*default*        0x00000000         0xffffffff

Linker script and memory map

LOAD /opt/st/stm32cubeide_1.19.0/plugins/com.st.stm32cube.ide.mcu.externaltools.gnu-tools-for-stm32.13.3.rel1.linux64_1.0.0.202410170706/tools/bin/../lib/gcc/arm-none-eabi/13.3.1/thumb/v7e-m+fp/hard/crti.o
LOAD /opt/st/stm32cubeide_1.19.0/plugins/com.st.stm32cube.ide.mcu.externaltools.gnu-tools-for-stm32.13.3.rel1.linux64_1.0.0.202410170706/tools/bin/../lib/gcc/arm-none-eabi/13.3.1/thumb/v7e-m+fp/hard/crtbegin.o
LOAD /opt/st/stm32cubeide_1.19.0/plugins/com.st.stm32cube.ide.mcu.externaltools.gnu-tools-for-stm32.13.3.rel1.linux64_1.0.0.202410170706/tools/bin/../lib/gcc/arm-none-eabi/13.3.1/../../../../arm-none-eabi/lib/thumb/v7e-m+fp/hard/crt0.o
LOAD ./Core/Src/main.o
LOAD ./Core/Src/stm32f4xx_hal_msp.o
LOAD ./Core/Src/stm32f4xx_hal_timebase_tim.o
LOAD ./Core/Src/stm32f4xx_it.o
LOAD ./Core/Src/syscalls.o
LOAD ./Core/Src/system_stm32f4xx.o
LOAD ./Core/Startup/startup_stm32f411ceux.o
LOAD ./Drivers/STM32F4xx_HAL_Driver/Src/stm32f4xx_hal.o
LOAD ./Drivers/STM32F4xx_HAL_Driver/Src/stm32f4xx_hal_cortex.o
LOAD ./Drivers/STM32F4xx_HAL_Driver/Src/stm32f4xx_hal_dma.o
LOAD ./Drivers/STM32F4xx_HAL_Driver/Src/stm32f4xx_hal_dma_ex.o
LOAD ./Drivers/STM32F4xx_HAL_Driver/Src/stm32f4xx_hal_exti.o
LOAD ./Drivers/STM32F4xx_HAL_Driver/Src/stm32f4xx_hal_flash.o
LOAD ./Drivers/STM32F4xx_HAL_Driver/Src/stm32f4xx_hal_flash_ex.o
LOAD ./Drivers/STM32F4xx_HAL_Driver/Src/stm32f4xx_hal_flash_ramfunc.o
LOAD ./Drivers/STM32F4xx_HAL_Driver/Src/stm32f4xx_hal_gpio.o
LOAD ./Drivers/STM32F4xx_HAL_Driver/Src/stm32f4xx_hal_pwr.o
LOAD ./Drivers/STM32F4xx_HAL_Driver/Src/stm32f4xx_hal_pwr_ex.o
LOAD ./Drivers/STM32F4xx_HAL_Driver/Src/stm32f4xx_hal_rcc.o
LOAD ./Drivers/STM32F4xx_HAL_Driver/Src/stm32f4xx_hal_rcc_ex.o
LOAD ./Drivers/STM32F4xx_HAL_Driver/Src/stm32f4xx_hal_tim.o
LOAD ./Drivers/STM32F4xx_HAL_Driver/Src/stm32f4xx_hal_tim_ex.o
LOAD ./common/ThirdParty/FreeRTOS/croutine.o
LOAD ./common/ThirdParty/FreeRTOS/event_groups.o
LOAD ./common/ThirdParty/FreeRTOS/list.o
LOAD ./common/ThirdParty/FreeRTOS/queue.o
LOAD ./common/ThirdParty/FreeRTOS/stream_buffer.o
LOAD ./common/ThirdParty/FreeRTOS/tasks.o
LOAD ./common/ThirdParty/FreeRTOS/timers.o
LOAD ./common/ThirdParty/FreeRTOS/portable/GCC/ARM_CM4F/port.o
LOAD ./common/ThirdParty/FreeRTOS/portable/MemMang/heap_4.o
LOAD ./common/ThirdParty/SEGGER/Config/SEGGER_SYSVIEW_Config_FreeRTOS.o
LOAD ./common/ThirdParty/SEGGER/OS/SEGGER_SYSVIEW_FreeRTOS.o
LOAD ./common/ThirdParty/SEGGER/Record/segger_uart.o
LOAD ./common/ThirdParty/SEGGER/SEGGER/SEGGER_RTT.o
LOAD ./common/ThirdParty/SEGGER/SEGGER/SEGGER_RTT_ASM_ARMv7M.o
LOAD ./common/ThirdParty/SEGGER/SEGGER/SEGGER_RTT_printf.o
LOAD ./common/ThirdParty/SEGGER/SEGGER/SEGGER_SYSVIEW.o
LOAD ./common/ThirdParty/SEGGER/SEGGER/Syscalls/SEGGER_RTT_Syscalls_GCC.o
START GROUP
LOAD /opt/st/stm32cubeide_1.19.0/plugins/com.st.stm32cube.ide.mcu.externaltools.gnu-tools-for-stm32.13.3.rel1.linux64_1.0.0.202410170706/tools/bin/../lib/gcc/arm-none-eabi/13.3.1/../../../../arm-none-eabi/lib/thumb/v7e-m+fp/hard/libc_nano.a
LOAD /opt/st/stm32cubeide_1.19.0/plugins/com.st.stm32cube.ide.mcu.externaltools.gnu-tools-for-stm32.13.3.rel1.linux64_1.0.0.202410170706/tools/bin/../lib/gcc/arm-none-eabi/13.3.1/../../../../arm-none-eabi/lib/thumb/v7e-m+fp/hard/libm.a
END GROUP
START GROUP
LOAD /opt/st/stm32cubeide_1.19.0/plugins/com.st.stm32cube.ide.mcu.externaltools.gnu-tools-for-stm32.13.3.rel1.linux64_1.0.0.202410170706/tools/bin/../lib/gcc/arm-none-eabi/13.3.1/thumb/v7e-m+fp/hard/libgcc.a
LOAD /opt/st/stm32cubeide_1.19.0/plugins/com.st.stm32cube.ide.mcu.externaltools.gnu-tools-for-stm32.13.3.rel1.linux64_1.0.0.202410170706/tools/bin/../lib/gcc/arm-none-eabi/13.3.1/../../../../arm-none-eabi/lib/thumb/v7e-m+fp/hard/libc_nano.a
END GROUP
START GROUP
LOAD /opt/st/stm32cubeide_1.19.0/plugins/com.st.stm32cube.ide.mcu.externaltools.gnu-tools-for-stm32.13.3.rel1.linux64_1.0.0.202410170706/tools/bin/../lib/gcc/arm-none-eabi/13.3.1/thumb/v7e-m+fp/hard/libgcc.a
LOAD /opt/st/stm32cubeide_1.19.0/plugins/com.st.stm32cube.ide.mcu.externaltools.gnu-tools-for-stm32.13.3.rel1.linux64_1.0.0.202410170706/tools/bin/../lib/gcc/arm-none-eabi/13.3.1/../../../../arm-none-eabi/lib/thumb/v7e-m+fp/hard/libc_nano.a
LOAD /opt/st/stm32cubeide_1.19.0/plugins/com.st.stm32cube.ide.mcu.externaltools.gnu-tools-for-stm32.13.3.rel1.linux64_1.0.0.202410170706/tools/bin/../lib/gcc/arm-none-eabi/13.3.1/../../../../arm-none-eabi/lib/thumb/v7e-m+fp/hard/libnosys.a
END GROUP
START GROUP
LOAD /opt/st/stm32cubeide_1.19.0/plugins/com.st.stm32cube.ide.mcu.externaltools.gnu-tools-for-stm32.13.3.rel1.linux64_1.0.0.202410170706/tools/bin/../lib/gcc/arm-none-eabi/13.3.1/thumb/v7e-m+fp/hard/libgcc.a
LOAD /opt/st/stm32cubeide_1.19.0/plugins/com.st.stm32cube.ide.mcu.externaltools.gnu-tools-for-stm32.13.3.rel1.linux64_1.0.0.202410170706/tools/bin/../lib/gcc/arm-none-eabi/13.3.1/../../../../arm-none-eabi/lib/thumb/v7e-m+fp/hard/libc_nano.a
LOAD /opt/st/stm32cubeide_1.19.0/plugins/com.st.stm32cube.ide.mcu.externaltools.gnu-tools-for-stm32.13.3.rel1.linux64_1.0.0.202410170706/tools/bin/../lib/gcc/arm-none-eabi/13.3.1/../../../../arm-none-eabi/lib/thumb/v7e-m+fp/hard/libnosys.a
END GROUP
LOAD /opt/st/stm32cubeide_1.19.0/plugins/com.st.stm32cube.ide.mcu.externaltools.gnu-tools-for-stm32.13.3.rel1.linux64_1.0.0.202410170706/tools/bin/../lib/gcc/arm-none-eabi/13.3.1/thumb/v7e-m+fp/hard/crtend.o
LOAD /opt/st/stm32cubeide_1.19.0/plugins/com.st.stm32cube.ide.mcu.externaltools.gnu-tools-for-stm32.13.3.rel1.linux64_1.0.0.202410170706/tools/bin/../lib/gcc/arm-none-eabi/13.3.1/thumb/v7e-m+fp/hard/crtn.o
                0x20020000                        _estack = (ORIGIN (RAM) + LENGTH (RAM))
                0x00000200                        _Min_Heap_Size = 0x200
                0x00000400                        _Min_Stack_Size = 0x400

.isr_vector     0x08000000      0x198
                0x08000000                        . = ALIGN (0x4)
 *(.isr_vector)
 .isr_vector    0x08000000      0x198 ./Core/Startup/startup_stm32f411ceux.o
                0x08000000                g_pfnVectors
                0x08000198                        . = ALIGN (0x4)

.text           0x080001a0     0x6888
                0x080001a0                        . = ALIGN (0x4)
 *(.text)
 .text          0x080001a0       0x40 /opt/st/stm32cubeide_1.19.0/plugins/com.st.stm32cube.ide.mcu.externaltools.gnu-tools-for-stm32.13.3.rel1.linux64_1.0.0.202410170706/tools/bin/../lib/gcc/arm-none-eabi/13.3.1/thumb/v7e-m+fp/hard/crtbegin.o
 .text          0x080001e0       0x94 ./common/ThirdParty/SEGGER/SEGGER/SEGGER_RTT_ASM_ARMv7M.o
                0x080001e0                SEGGER_RTT_ASM_WriteSkipNoLock
 .text          0x08000274       0x30 /opt/st/stm32cubeide_1.19.0/plugins/com.st.stm32cube.ide.mcu.externaltools.gnu-tools-for-stm32.13.3.rel1.linux64_1.0.0.202410170706/tools/bin/../lib/gcc/arm-none-eabi/13.3.1/thumb/v7e-m+fp/hard/libgcc.a(_aeabi_uldivmod.o)
                0x08000274                __aeabi_uldivmod
 .text          0x080002a4      0x2f8 /opt/st/stm32cubeide_1.19.0/plugins/com.st.stm32cube.ide.mcu.externaltools.gnu-tools-for-stm32.13.3.rel1.linux64_1.0.0.202410170706/tools/bin/../lib/gcc/arm-none-eabi/13.3.1/thumb/v7e-m+fp/hard/libgcc.a(_udivmoddi4.o)
                0x080002a4                __udivmoddi4
 .text          0x0800059c        0x4 /opt/st/stm32cubeide_1.19.0/plugins/com.st.stm32cube.ide.mcu.externaltools.gnu-tools-for-stm32.13.3.rel1.linux64_1.0.0.202410170706/tools/bin/../lib/gcc/arm-none-eabi/13.3.1/thumb/v7e-m+fp/hard/libgcc.a(_dvmd_tls.o)
                0x0800059c                __aeabi_ldiv0
                0x0800059c                __aeabi_idiv0
 *(.text*)
 .text.main     0x080005a0       0xc0 ./Core/Src/main.o
                0x080005a0                main
 .text.SystemClock_Config
                0x08000660       0xbc ./Core/Src/main.o
                0x08000660                SystemClock_Config
 .text.MX_GPIO_Init
                0x0800071c      0x100 ./Core/Src/main.o
 .text.switch_priority
                0x0800081c       0x98 ./Core/Src/main.o
                0x0800081c                switch_priority
 .text.button_interrupt_handler
                0x080008b4       0x1c ./Core/Src/main.o
                0x080008b4                button_interrupt_handler
 .text.led1_handler
                0x080008d0       0x24 ./Core/Src/main.o
 .text.led2_handler
                0x080008f4       0x24 ./Core/Src/main.o
 .text.HAL_TIM_PeriodElapsedCallback
                0x08000918       0x1e ./Core/Src/main.o
                0x08000918                HAL_TIM_PeriodElapsedCallback
 .text.Error_Handler
                0x08000936        0xc ./Core/Src/main.o
                0x08000936                Error_Handler
 *fill*         0x08000942        0x2 
 .text.HAL_MspInit
                0x08000944       0x50 ./Core/Src/stm32f4xx_hal_msp.o
                0x08000944                HAL_MspInit
 .text.HAL_InitTick
                0x08000994       0xf8 ./Core/Src/stm32f4xx_hal_timebase_tim.o
                0x08000994                HAL_InitTick
 .text.NMI_Handler
                0x08000a8c        0x8 ./Core/Src/stm32f4xx_it.o
                0x08000a8c                NMI_Handler
 .text.HardFault_Handler
                0x08000a94        0x8 ./Core/Src/stm32f4xx_it.o
                0x08000a94                HardFault_Handler
 .text.MemManage_Handler
                0x08000a9c        0x8 ./Core/Src/stm32f4xx_it.o
                0x08000a9c                MemManage_Handler
 .text.BusFault_Handler
                0x08000aa4        0x8 ./Core/Src/stm32f4xx_it.o
                0x08000aa4                BusFault_Handler
 .text.UsageFault_Handler
                0x08000aac        0x8 ./Core/Src/stm32f4xx_it.o
                0x08000aac                UsageFault_Handler
 .text.DebugMon_Handler
                0x08000ab4        0xe ./Core/Src/stm32f4xx_it.o
                0x08000ab4                DebugMon_Handler
 .text.SysTick_Handler
                0x08000ac2       0x16 ./Core/Src/stm32f4xx_it.o
                0x08000ac2                SysTick_Handler
 .text.EXTI0_IRQHandler
                0x08000ad8       0x40 ./Core/Src/stm32f4xx_it.o
                0x08000ad8                EXTI0_IRQHandler
 .text.TIM2_IRQHandler
                0x08000b18       0x14 ./Core/Src/stm32f4xx_it.o
                0x08000b18                TIM2_IRQHandler
 .text.SystemInit
                0x08000b2c       0x24 ./Core/Src/system_stm32f4xx.o
                0x08000b2c                SystemInit
 .text.Reset_Handler
                0x08000b50       0x50 ./Core/Startup/startup_stm32f411ceux.o
                0x08000b50                Reset_Handler
 .text.Default_Handler
                0x08000ba0        0x2 ./Core/Startup/startup_stm32f411ceux.o
                0x08000ba0                RTC_Alarm_IRQHandler
                0x08000ba0                EXTI2_IRQHandler
                0x08000ba0                SPI4_IRQHandler
                0x08000ba0                TIM1_CC_IRQHandler
                0x08000ba0                DMA2_Stream5_IRQHandler
                0x08000ba0                DMA1_Stream5_IRQHandler
                0x08000ba0                PVD_IRQHandler
                0x08000ba0                SDIO_IRQHandler
                0x08000ba0                TAMP_STAMP_IRQHandler
                0x08000ba0                EXTI3_IRQHandler
                0x08000ba0                TIM1_UP_TIM10_IRQHandler
                0x08000ba0                I2C3_ER_IRQHandler
                0x08000ba0                I2C2_EV_IRQHandler
                0x08000ba0                DMA1_Stream2_IRQHandler
                0x08000ba0                FPU_IRQHandler
                0x08000ba0                DMA2_Stream2_IRQHandler
                0x08000ba0                SPI1_IRQHandler
                0x08000ba0                TIM1_BRK_TIM9_IRQHandler
                0x08000ba0                DMA2_Stream3_IRQHandler
                0x08000ba0                USART6_IRQHandler
                0x08000ba0                DMA2_Stream0_IRQHandler
                0x08000ba0                TIM4_IRQHandler
                0x08000ba0                I2C1_EV_IRQHandler
                0x08000ba0                DMA1_Stream6_IRQHandler
                0x08000ba0                DMA1_Stream1_IRQHandler
                0x08000ba0                TIM3_IRQHandler
                0x08000ba0                RCC_IRQHandler
                0x08000ba0                Default_Handler
                0x08000ba0                EXTI15_10_IRQHandler
                0x08000ba0                ADC_IRQHandler
                0x08000ba0                DMA1_Stream7_IRQHandler
                0x08000ba0                SPI5_IRQHandler
                0x08000ba0                TIM5_IRQHandler
                0x08000ba0                DMA2_Stream7_IRQHandler
                0x08000ba0                I2C3_EV_IRQHandler
                0x08000ba0                EXTI9_5_IRQHandler
                0x08000ba0                RTC_WKUP_IRQHandler
                0x08000ba0                SPI2_IRQHandler
                0x08000ba0                DMA1_Stream0_IRQHandler
                0x08000ba0                EXTI4_IRQHandler
                0x08000ba0                WWDG_IRQHandler
                0x08000ba0                OTG_FS_WKUP_IRQHandler
                0x08000ba0                TIM1_TRG_COM_TIM11_IRQHandler
                0x08000ba0                EXTI1_IRQHandler
                0x08000ba0                USART2_IRQHandler
                0x08000ba0                I2C2_ER_IRQHandler
                0x08000ba0                DMA2_Stream1_IRQHandler
                0x08000ba0                FLASH_IRQHandler
                0x08000ba0                DMA2_Stream4_IRQHandler
                0x08000ba0                USART1_IRQHandler
                0x08000ba0                OTG_FS_IRQHandler
                0x08000ba0                SPI3_IRQHandler
                0x08000ba0                DMA1_Stream4_IRQHandler
                0x08000ba0                I2C1_ER_IRQHandler
                0x08000ba0                DMA2_Stream6_IRQHandler
                0x08000ba0                DMA1_Stream3_IRQHandler
 *fill*         0x08000ba2        0x2 
 .text.HAL_Init
                0x08000ba4       0x44 ./Drivers/STM32F4xx_HAL_Driver/Src/stm32f4xx_hal.o
                0x08000ba4                HAL_Init
 .text.HAL_IncTick
                0x08000be8       0x28 ./Drivers/STM32F4xx_HAL_Driver/Src/stm32f4xx_hal.o
                0x08000be8                HAL_IncTick
 .text.HAL_GetTick
                0x08000c10       0x18 ./Drivers/STM32F4xx_HAL_Driver/Src/stm32f4xx_hal.o
                0x08000c10                HAL_GetTick
 .text.HAL_Delay
                0x08000c28       0x48 ./Drivers/STM32F4xx_HAL_Driver/Src/stm32f4xx_hal.o
                0x08000c28                HAL_Delay
 .text.__NVIC_SetPriorityGrouping
                0x08000c70       0x48 ./Drivers/STM32F4xx_HAL_Driver/Src/stm32f4xx_hal_cortex.o
 .text.__NVIC_GetPriorityGrouping
                0x08000cb8       0x1c ./Drivers/STM32F4xx_HAL_Driver/Src/stm32f4xx_hal_cortex.o
 .text.__NVIC_EnableIRQ
                0x08000cd4       0x3c ./Drivers/STM32F4xx_HAL_Driver/Src/stm32f4xx_hal_cortex.o
 .text.__NVIC_SetPriority
                0x08000d10       0x54 ./Drivers/STM32F4xx_HAL_Driver/Src/stm32f4xx_hal_cortex.o
 .text.NVIC_EncodePriority
                0x08000d64       0x66 ./Drivers/STM32F4xx_HAL_Driver/Src/stm32f4xx_hal_cortex.o
 .text.HAL_NVIC_SetPriorityGrouping
                0x08000dca       0x16 ./Drivers/STM32F4xx_HAL_Driver/Src/stm32f4xx_hal_cortex.o
                0x08000dca                HAL_NVIC_SetPriorityGrouping
 .text.HAL_NVIC_SetPriority
                0x08000de0       0x38 ./Drivers/STM32F4xx_HAL_Driver/Src/stm32f4xx_hal_cortex.o
                0x08000de0                HAL_NVIC_SetPriority
 .text.HAL_NVIC_EnableIRQ
                0x08000e18       0x1c ./Drivers/STM32F4xx_HAL_Driver/Src/stm32f4xx_hal_cortex.o
                0x08000e18                HAL_NVIC_EnableIRQ
 .text.HAL_GPIO_Init
                0x08000e34      0x308 ./Drivers/STM32F4xx_HAL_Driver/Src/stm32f4xx_hal_gpio.o
                0x08000e34                HAL_GPIO_Init
 .text.HAL_GPIO_WritePin
                0x0800113c       0x32 ./Drivers/STM32F4xx_HAL_Driver/Src/stm32f4xx_hal_gpio.o
                0x0800113c                HAL_GPIO_WritePin
 .text.HAL_GPIO_TogglePin
                0x0800116e       0x34 ./Drivers/STM32F4xx_HAL_Driver/Src/stm32f4xx_hal_gpio.o
                0x0800116e                HAL_GPIO_TogglePin
 *fill*         0x080011a2        0x2 
 .text.HAL_GPIO_EXTI_IRQHandler
                0x080011a4       0x30 ./Drivers/STM32F4xx_HAL_Driver/Src/stm32f4xx_hal_gpio.o
                0x080011a4                HAL_GPIO_EXTI_IRQHandler
 .text.HAL_GPIO_EXTI_Callback
                0x080011d4       0x16 ./Drivers/STM32F4xx_HAL_Driver/Src/stm32f4xx_hal_gpio.o
                0x080011d4                HAL_GPIO_EXTI_Callback
 *fill*         0x080011ea        0x2 
 .text.HAL_RCC_OscConfig
                0x080011ec      0x4f0 ./Drivers/STM32F4xx_HAL_Driver/Src/stm32f4xx_hal_rcc.o
                0x080011ec                HAL_RCC_OscConfig
 .text.HAL_RCC_ClockConfig
                0x080016dc      0x1cc ./Drivers/STM32F4xx_HAL_Driver/Src/stm32f4xx_hal_rcc.o
                0x080016dc                HAL_RCC_ClockConfig
 .text.HAL_RCC_GetSysClockFreq
                0x080018a8      0x18c ./Drivers/STM32F4xx_HAL_Driver/Src/stm32f4xx_hal_rcc.o
                0x080018a8                HAL_RCC_GetSysClockFreq
 .text.HAL_RCC_GetHCLKFreq
                0x08001a34       0x18 ./Drivers/STM32F4xx_HAL_Driver/Src/stm32f4xx_hal_rcc.o
                0x08001a34                HAL_RCC_GetHCLKFreq
 .text.HAL_RCC_GetPCLK1Freq
                0x08001a4c       0x28 ./Drivers/STM32F4xx_HAL_Driver/Src/stm32f4xx_hal_rcc.o
                0x08001a4c                HAL_RCC_GetPCLK1Freq
 .text.HAL_RCC_GetClockConfig
                0x08001a74       0x64 ./Drivers/STM32F4xx_HAL_Driver/Src/stm32f4xx_hal_rcc.o
                0x08001a74                HAL_RCC_GetClockConfig
 .text.HAL_TIM_Base_Init
                0x08001ad8       0x9e ./Drivers/STM32F4xx_HAL_Driver/Src/stm32f4xx_hal_tim.o
                0x08001ad8                HAL_TIM_Base_Init
 .text.HAL_TIM_Base_MspInit
                0x08001b76       0x14 ./Drivers/STM32F4xx_HAL_Driver/Src/stm32f4xx_hal_tim.o
                0x08001b76                HAL_TIM_Base_MspInit
 *fill*         0x08001b8a        0x2 
 .text.HAL_TIM_Base_Start_IT
                0x08001b8c       0xc4 ./Drivers/STM32F4xx_HAL_Driver/Src/stm32f4xx_hal_tim.o
                0x08001b8c                HAL_TIM_Base_Start_IT
 .text.HAL_TIM_IRQHandler
                0x08001c50      0x1e0 ./Drivers/STM32F4xx_HAL_Driver/Src/stm32f4xx_hal_tim.o
                0x08001c50                HAL_TIM_IRQHandler
 .text.HAL_TIM_OC_DelayElapsedCallback
                0x08001e30       0x14 ./Drivers/STM32F4xx_HAL_Driver/Src/stm32f4xx_hal_tim.o
                0x08001e30                HAL_TIM_OC_DelayElapsedCallback
 .text.HAL_TIM_IC_CaptureCallback
                0x08001e44       0x14 ./Drivers/STM32F4xx_HAL_Driver/Src/stm32f4xx_hal_tim.o
                0x08001e44                HAL_TIM_IC_CaptureCallback
 .text.HAL_TIM_PWM_PulseFinishedCallback
                0x08001e58       0x14 ./Drivers/STM32F4xx_HAL_Driver/Src/stm32f4xx_hal_tim.o
                0x08001e58                HAL_TIM_PWM_PulseFinishedCallback
 .text.HAL_TIM_TriggerCallback
                0x08001e6c       0x14 ./Drivers/STM32F4xx_HAL_Driver/Src/stm32f4xx_hal_tim.o
                0x08001e6c                HAL_TIM_TriggerCallback
 .text.TIM_Base_SetConfig
                0x08001e80      0x10c ./Drivers/STM32F4xx_HAL_Driver/Src/stm32f4xx_hal_tim.o
                0x08001e80                TIM_Base_SetConfig
 .text.HAL_TIMEx_CommutCallback
                0x08001f8c       0x14 ./Drivers/STM32F4xx_HAL_Driver/Src/stm32f4xx_hal_tim_ex.o
                0x08001f8c                HAL_TIMEx_CommutCallback
 .text.HAL_TIMEx_BreakCallback
                0x08001fa0       0x14 ./Drivers/STM32F4xx_HAL_Driver/Src/stm32f4xx_hal_tim_ex.o
                0x08001fa0                HAL_TIMEx_BreakCallback
 .text.vListInitialise
                0x08001fb4       0x4a ./common/ThirdParty/FreeRTOS/list.o
                0x08001fb4                vListInitialise
 .text.vListInitialiseItem
                0x08001ffe       0x1e ./common/ThirdParty/FreeRTOS/list.o
                0x08001ffe                vListInitialiseItem
 .text.vListInsert
                0x0800201c       0x8a ./common/ThirdParty/FreeRTOS/list.o
                0x0800201c                vListInsert
 .text.uxListRemove
                0x080020a6       0x5e ./common/ThirdParty/FreeRTOS/list.o
                0x080020a6                uxListRemove
 .text.xQueueGenericReset
                0x08002104      0x12c ./common/ThirdParty/FreeRTOS/queue.o
                0x08002104                xQueueGenericReset
 .text.xQueueGenericCreateStatic
                0x08002230       0xd4 ./common/ThirdParty/FreeRTOS/queue.o
                0x08002230                xQueueGenericCreateStatic
 .text.prvInitialiseNewQueue
                0x08002304       0x3e ./common/ThirdParty/FreeRTOS/queue.o
 *fill*         0x08002342        0x2 
 .text.xQueueReceive
                0x08002344      0x1e8 ./common/ThirdParty/FreeRTOS/queue.o
                0x08002344                xQueueReceive
 .text.prvCopyDataFromQueue
                0x0800252c       0x4c ./common/ThirdParty/FreeRTOS/queue.o
 .text.prvUnlockQueue
                0x08002578       0xa4 ./common/ThirdParty/FreeRTOS/queue.o
 .text.prvIsQueueEmpty
                0x0800261c       0x2c ./common/ThirdParty/FreeRTOS/queue.o
 .text.vQueueWaitForMessageRestricted
                0x08002648       0x74 ./common/ThirdParty/FreeRTOS/queue.o
                0x08002648                vQueueWaitForMessageRestricted
 .text.prvCreateStaticTask
                0x080026bc       0xc2 ./common/ThirdParty/FreeRTOS/tasks.o
 .text.xTaskCreateStatic
                0x0800277e       0x5a ./common/ThirdParty/FreeRTOS/tasks.o
                0x0800277e                xTaskCreateStatic
 .text.prvCreateTask
                0x080027d8       0x80 ./common/ThirdParty/FreeRTOS/tasks.o
 .text.xTaskCreate
                0x08002858       0x50 ./common/ThirdParty/FreeRTOS/tasks.o
                0x08002858                xTaskCreate
 .text.prvInitialiseNewTask
                0x080028a8      0x122 ./common/ThirdParty/FreeRTOS/tasks.o
 *fill*         0x080029ca        0x2 
 .text.prvAddNewTaskToReadyList
                0x080029cc      0x168 ./common/ThirdParty/FreeRTOS/tasks.o
 .text.uxTaskPriorityGet
                0x08002b34       0x3c ./common/ThirdParty/FreeRTOS/tasks.o
                0x08002b34                uxTaskPriorityGet
 .text.vTaskPrioritySet
                0x08002b70      0x1f0 ./common/ThirdParty/FreeRTOS/tasks.o
                0x08002b70                vTaskPrioritySet
 .text.prvCreateIdleTasks
                0x08002d60       0xd0 ./common/ThirdParty/FreeRTOS/tasks.o
 .text.vTaskStartScheduler
                0x08002e30       0xc0 ./common/ThirdParty/FreeRTOS/tasks.o
                0x08002e30                vTaskStartScheduler
 .text.vTaskSuspendAll
                0x08002ef0       0x1c ./common/ThirdParty/FreeRTOS/tasks.o
                0x08002ef0                vTaskSuspendAll
 .text.xTaskResumeAll
                0x08002f0c      0x240 ./common/ThirdParty/FreeRTOS/tasks.o
                0x08002f0c                xTaskResumeAll
 .text.xTaskGetTickCount
                0x0800314c       0x34 ./common/ThirdParty/FreeRTOS/tasks.o
                0x0800314c                xTaskGetTickCount
 .text.xTaskGetTickCountFromISR
                0x08003180       0x58 ./common/ThirdParty/FreeRTOS/tasks.o
                0x08003180                xTaskGetTickCountFromISR
 .text.xTaskIncrementTick
                0x080031d8      0x260 ./common/ThirdParty/FreeRTOS/tasks.o
                0x080031d8                xTaskIncrementTick
 .text.vTaskSwitchContext
                0x08003438       0xdc ./common/ThirdParty/FreeRTOS/tasks.o
                0x08003438                vTaskSwitchContext
 .text.vTaskPlaceOnEventList
                0x08003514       0x54 ./common/ThirdParty/FreeRTOS/tasks.o
                0x08003514                vTaskPlaceOnEventList
 .text.vTaskPlaceOnEventListRestricted
                0x08003568       0x9c ./common/ThirdParty/FreeRTOS/tasks.o
                0x08003568                vTaskPlaceOnEventListRestricted
 .text.xTaskRemoveFromEventList
                0x08003604      0x1c4 ./common/ThirdParty/FreeRTOS/tasks.o
                0x08003604                xTaskRemoveFromEventList
 .text.vTaskInternalSetTimeOutState
                0x080037c8       0x34 ./common/ThirdParty/FreeRTOS/tasks.o
                0x080037c8                vTaskInternalSetTimeOutState
 .text.xTaskCheckForTimeOut
                0x080037fc      0x120 ./common/ThirdParty/FreeRTOS/tasks.o
                0x080037fc                xTaskCheckForTimeOut
 .text.vTaskMissedYield
                0x0800391c       0x18 ./common/ThirdParty/FreeRTOS/tasks.o
                0x0800391c                vTaskMissedYield
 .text.prvIdleTask
                0x08003934       0x30 ./common/ThirdParty/FreeRTOS/tasks.o
 .text.prvInitialiseTaskLists
                0x08003964       0x80 ./common/ThirdParty/FreeRTOS/tasks.o
 .text.prvCheckTasksWaitingTermination
                0x080039e4       0x5c ./common/ThirdParty/FreeRTOS/tasks.o
 .text.prvDeleteTCB
                0x08003a40       0x60 ./common/ThirdParty/FreeRTOS/tasks.o
 .text.prvResetNextTaskUnblockTime
                0x08003aa0       0x40 ./common/ThirdParty/FreeRTOS/tasks.o
 .text.xTaskGetCurrentTaskHandle
                0x08003ae0       0x2c ./common/ThirdParty/FreeRTOS/tasks.o
                0x08003ae0                xTaskGetCurrentTaskHandle
 .text.xTaskGetSchedulerState
                0x08003b0c       0x44 ./common/ThirdParty/FreeRTOS/tasks.o
                0x08003b0c                xTaskGetSchedulerState
 .text.prvAddCurrentTaskToDelayedList
                0x08003b50      0x12c ./common/ThirdParty/FreeRTOS/tasks.o
 .text.vApplicationGetIdleTaskMemory
                0x08003c7c       0x34 ./common/ThirdParty/FreeRTOS/tasks.o
                0x08003c7c                vApplicationGetIdleTaskMemory
 .text.vApplicationGetTimerTaskMemory
                0x08003cb0       0x34 ./common/ThirdParty/FreeRTOS/tasks.o
                0x08003cb0                vApplicationGetTimerTaskMemory
 .text.xTimerCreateTimerTask
                0x08003ce4       0xa0 ./common/ThirdParty/FreeRTOS/timers.o
                0x08003ce4                xTimerCreateTimerTask
 .text.prvReloadTimer
                0x08003d84       0x6a ./common/ThirdParty/FreeRTOS/timers.o
 *fill*         0x08003dee        0x2 
 .text.prvProcessExpiredTimer
                0x08003df0       0x6c ./common/ThirdParty/FreeRTOS/timers.o
 .text.prvTimerTask
                0x08003e5c       0x2a ./common/ThirdParty/FreeRTOS/timers.o
 *fill*         0x08003e86        0x2 
 .text.prvProcessTimerOrBlockTask
                0x08003e88       0xb8 ./common/ThirdParty/FreeRTOS/timers.o
 .text.prvGetNextExpireTime
                0x08003f40       0x58 ./common/ThirdParty/FreeRTOS/timers.o
 .text.prvSampleTimeNow
                0x08003f98       0x50 ./common/ThirdParty/FreeRTOS/timers.o
 .text.prvInsertTimerInActiveList
                0x08003fe8       0xac ./common/ThirdParty/FreeRTOS/timers.o
 .text.prvProcessReceivedCommands
                0x08004094      0x1ec ./common/ThirdParty/FreeRTOS/timers.o
 .text.prvSwitchTimerLists
                0x08004280       0x54 ./common/ThirdParty/FreeRTOS/timers.o
 .text.prvCheckForValidListAndQueue
                0x080042d4       0x68 ./common/ThirdParty/FreeRTOS/timers.o
 .text.pxPortInitialiseStack
                0x0800433c       0x68 ./common/ThirdParty/FreeRTOS/portable/GCC/ARM_CM4F/port.o
                0x0800433c                pxPortInitialiseStack
 .text.prvTaskExitError
                0x080043a4       0x5c ./common/ThirdParty/FreeRTOS/portable/GCC/ARM_CM4F/port.o
 .text.SVC_Handler
                0x08004400       0x28 ./common/ThirdParty/FreeRTOS/portable/GCC/ARM_CM4F/port.o
                0x08004400                SVC_Handler
 .text.prvPortStartFirstTask
                0x08004428       0x2c ./common/ThirdParty/FreeRTOS/portable/GCC/ARM_CM4F/port.o
 .text.xPortStartScheduler
                0x08004454      0x1e0 ./common/ThirdParty/FreeRTOS/portable/GCC/ARM_CM4F/port.o
                0x08004454                xPortStartScheduler
 .text.vInitPrioGroupValue
                0x08004634       0xdc ./common/ThirdParty/FreeRTOS/portable/GCC/ARM_CM4F/port.o
                0x08004634                vInitPrioGroupValue
 .text.vPortEnterCritical
                0x08004710       0x64 ./common/ThirdParty/FreeRTOS/portable/GCC/ARM_CM4F/port.o
                0x08004710                vPortEnterCritical
 .text.vPortExitCritical
                0x08004774       0x54 ./common/ThirdParty/FreeRTOS/portable/GCC/ARM_CM4F/port.o
                0x08004774                vPortExitCritical
 *fill*         0x080047c8        0x8 
 .text.PendSV_Handler
                0x080047d0       0x68 ./common/ThirdParty/FreeRTOS/portable/GCC/ARM_CM4F/port.o
                0x080047d0                PendSV_Handler
 .text.xPortSysTickHandler
                0x08004838       0x54 ./common/ThirdParty/FreeRTOS/portable/GCC/ARM_CM4F/port.o
                0x08004838                xPortSysTickHandler
 .text.vPortSetupTimerInterrupt
                0x0800488c       0x48 ./common/ThirdParty/FreeRTOS/portable/GCC/ARM_CM4F/port.o
                0x0800488c                vPortSetupTimerInterrupt
 .text.vPortEnableVFP
                0x080048d4       0x18 ./common/ThirdParty/FreeRTOS/portable/GCC/ARM_CM4F/port.o
 .text.vPortValidateInterruptPriority
                0x080048ec       0x84 ./common/ThirdParty/FreeRTOS/portable/GCC/ARM_CM4F/port.o
                0x080048ec                vPortValidateInterruptPriority
 .text.pvPortMalloc
                0x08004970      0x264 ./common/ThirdParty/FreeRTOS/portable/MemMang/heap_4.o
                0x08004970                pvPortMalloc
 .text.vPortFree
                0x08004bd4      0x10c ./common/ThirdParty/FreeRTOS/portable/MemMang/heap_4.o
                0x08004bd4                vPortFree
 .text.prvHeapInit
                0x08004ce0       0xb4 ./common/ThirdParty/FreeRTOS/portable/MemMang/heap_4.o
 .text.prvInsertBlockIntoFreeList
                0x08004d94       0xf4 ./common/ThirdParty/FreeRTOS/portable/MemMang/heap_4.o
 .text._cbSendSystemDesc
                0x08004e88       0x1c ./common/ThirdParty/SEGGER/Config/SEGGER_SYSVIEW_Config_FreeRTOS.o
 .text.SEGGER_SYSVIEW_Conf
                0x08004ea4       0x2c ./common/ThirdParty/SEGGER/Config/SEGGER_SYSVIEW_Config_FreeRTOS.o
                0x08004ea4                SEGGER_SYSVIEW_Conf
 .text._cbSendTaskList
                0x08004ed0       0x90 ./common/ThirdParty/SEGGER/OS/SEGGER_SYSVIEW_FreeRTOS.o
 .text._cbGetTime
                0x08004f60       0xba ./common/ThirdParty/SEGGER/OS/SEGGER_SYSVIEW_FreeRTOS.o
 *fill*         0x0800501a        0x2 
 .text.SYSVIEW_AddTask
                0x0800501c       0xd0 ./common/ThirdParty/SEGGER/OS/SEGGER_SYSVIEW_FreeRTOS.o
                0x0800501c                SYSVIEW_AddTask
 .text.SYSVIEW_UpdateTask
                0x080050ec       0xe0 ./common/ThirdParty/SEGGER/OS/SEGGER_SYSVIEW_FreeRTOS.o
                0x080050ec                SYSVIEW_UpdateTask
 .text.SYSVIEW_SendTaskInfo
                0x080051cc       0x42 ./common/ThirdParty/SEGGER/OS/SEGGER_SYSVIEW_FreeRTOS.o
                0x080051cc                SYSVIEW_SendTaskInfo
 *fill*         0x0800520e        0x2 
 .text._DoInit  0x08005210       0xb4 ./common/ThirdParty/SEGGER/SEGGER/SEGGER_RTT.o
 .text.SEGGER_RTT_ReadNoLock
                0x080052c4      0x10c ./common/ThirdParty/SEGGER/SEGGER/SEGGER_RTT.o
                0x080052c4                SEGGER_RTT_ReadNoLock
 .text.SEGGER_RTT_AllocUpBuffer
                0x080053d0      0x108 ./common/ThirdParty/SEGGER/SEGGER/SEGGER_RTT.o
                0x080053d0                SEGGER_RTT_AllocUpBuffer
 .text.SEGGER_RTT_ConfigDownBuffer
                0x080054d8       0x98 ./common/ThirdParty/SEGGER/SEGGER/SEGGER_RTT.o
                0x080054d8                SEGGER_RTT_ConfigDownBuffer
 .text._EncodeStr
                0x08005570       0x72 ./common/ThirdParty/SEGGER/SEGGER/SEGGER_SYSVIEW.o
 .text._PreparePacket
                0x080055e2       0x18 ./common/ThirdParty/SEGGER/SEGGER/SEGGER_SYSVIEW.o
 *fill*         0x080055fa        0x2 
 .text._HandleIncomingPacket
                0x080055fc       0xdc ./common/ThirdParty/SEGGER/SEGGER/SEGGER_SYSVIEW.o
 .text._TrySendOverflowPacket
                0x080056d8       0xe4 ./common/ThirdParty/SEGGER/SEGGER/SEGGER_SYSVIEW.o
 .text._SendPacket
                0x080057bc      0x2dc ./common/ThirdParty/SEGGER/SEGGER/SEGGER_SYSVIEW.o
 .text.SEGGER_SYSVIEW_Init
                0x08005a98       0x88 ./common/ThirdParty/SEGGER/SEGGER/SEGGER_SYSVIEW.o
                0x08005a98                SEGGER_SYSVIEW_Init
 .text.SEGGER_SYSVIEW_SetRAMBase
                0x08005b20       0x20 ./common/ThirdParty/SEGGER/SEGGER/SEGGER_SYSVIEW.o
                0x08005b20                SEGGER_SYSVIEW_SetRAMBase
 .text.SEGGER_SYSVIEW_RecordVoid
                0x08005b40       0x3c ./common/ThirdParty/SEGGER/SEGGER/SEGGER_SYSVIEW.o
                0x08005b40                SEGGER_SYSVIEW_RecordVoid
 .text.SEGGER_SYSVIEW_RecordU32
                0x08005b7c       0x78 ./common/ThirdParty/SEGGER/SEGGER/SEGGER_SYSVIEW.o
                0x08005b7c                SEGGER_SYSVIEW_RecordU32
 .text.SEGGER_SYSVIEW_RecordU32x2
                0x08005bf4       0xb4 ./common/ThirdParty/SEGGER/SEGGER/SEGGER_SYSVIEW.o
                0x08005bf4                SEGGER_SYSVIEW_RecordU32x2
 .text.SEGGER_SYSVIEW_Start
                0x08005ca8      0x174 ./common/ThirdParty/SEGGER/SEGGER/SEGGER_SYSVIEW.o
                0x08005ca8                SEGGER_SYSVIEW_Start
 .text.SEGGER_SYSVIEW_Stop
                0x08005e1c       0x4c ./common/ThirdParty/SEGGER/SEGGER/SEGGER_SYSVIEW.o
                0x08005e1c                SEGGER_SYSVIEW_Stop
 .text.SEGGER_SYSVIEW_GetSysDesc
                0x08005e68      0x134 ./common/ThirdParty/SEGGER/SEGGER/SEGGER_SYSVIEW.o
                0x08005e68                SEGGER_SYSVIEW_GetSysDesc
 .text.SEGGER_SYSVIEW_SendTaskInfo
                0x08005f9c      0x1c8 ./common/ThirdParty/SEGGER/SEGGER/SEGGER_SYSVIEW.o
                0x08005f9c                SEGGER_SYSVIEW_SendTaskInfo
 .text.SEGGER_SYSVIEW_SendTaskList
                0x08006164       0x28 ./common/ThirdParty/SEGGER/SEGGER/SEGGER_SYSVIEW.o
                0x08006164                SEGGER_SYSVIEW_SendTaskList
 .text.SEGGER_SYSVIEW_SendSysDesc
                0x0800618c       0x48 ./common/ThirdParty/SEGGER/SEGGER/SEGGER_SYSVIEW.o
                0x0800618c                SEGGER_SYSVIEW_SendSysDesc
 .text.SEGGER_SYSVIEW_RecordSystime
                0x080061d4       0x64 ./common/ThirdParty/SEGGER/SEGGER/SEGGER_SYSVIEW.o
                0x080061d4                SEGGER_SYSVIEW_RecordSystime
 .text.SEGGER_SYSVIEW_RecordEnterISR
                0x08006238       0x84 ./common/ThirdParty/SEGGER/SEGGER/SEGGER_SYSVIEW.o
                0x08006238                SEGGER_SYSVIEW_RecordEnterISR
 .text.SEGGER_SYSVIEW_RecordExitISR
                0x080062bc       0x38 ./common/ThirdParty/SEGGER/SEGGER/SEGGER_SYSVIEW.o
                0x080062bc                SEGGER_SYSVIEW_RecordExitISR
 .text.SEGGER_SYSVIEW_RecordExitISRToScheduler
                0x080062f4       0x38 ./common/ThirdParty/SEGGER/SEGGER/SEGGER_SYSVIEW.o
                0x080062f4                SEGGER_SYSVIEW_RecordExitISRToScheduler
 .text.SEGGER_SYSVIEW_RecordEndCall
                0x0800632c       0x78 ./common/ThirdParty/SEGGER/SEGGER/SEGGER_SYSVIEW.o
                0x0800632c                SEGGER_SYSVIEW_RecordEndCall
 .text.SEGGER_SYSVIEW_RecordEndCallU32
                0x080063a4       0xb0 ./common/ThirdParty/SEGGER/SEGGER/SEGGER_SYSVIEW.o
                0x080063a4                SEGGER_SYSVIEW_RecordEndCallU32
 .text.SEGGER_SYSVIEW_OnIdle
                0x08006454       0x38 ./common/ThirdParty/SEGGER/SEGGER/SEGGER_SYSVIEW.o
                0x08006454                SEGGER_SYSVIEW_OnIdle
 .text.SEGGER_SYSVIEW_OnTaskCreate
                0x0800648c       0x84 ./common/ThirdParty/SEGGER/SEGGER/SEGGER_SYSVIEW.o
                0x0800648c                SEGGER_SYSVIEW_OnTaskCreate
 .text.SEGGER_SYSVIEW_OnTaskStartExec
                0x08006510       0x84 ./common/ThirdParty/SEGGER/SEGGER/SEGGER_SYSVIEW.o
                0x08006510                SEGGER_SYSVIEW_OnTaskStartExec
 .text.SEGGER_SYSVIEW_OnTaskStartReady
                0x08006594       0x84 ./common/ThirdParty/SEGGER/SEGGER/SEGGER_SYSVIEW.o
                0x08006594                SEGGER_SYSVIEW_OnTaskStartReady
 .text.SEGGER_SYSVIEW_OnTaskStopReady
                0x08006618       0xc0 ./common/ThirdParty/SEGGER/SEGGER/SEGGER_SYSVIEW.o
                0x08006618                SEGGER_SYSVIEW_OnTaskStopReady
 .text.SEGGER_SYSVIEW_ShrinkId
                0x080066d8       0x20 ./common/ThirdParty/SEGGER/SEGGER/SEGGER_SYSVIEW.o
                0x080066d8                SEGGER_SYSVIEW_ShrinkId
 .text.SEGGER_SYSVIEW_SendModule
                0x080066f8      0x114 ./common/ThirdParty/SEGGER/SEGGER/SEGGER_SYSVIEW.o
                0x080066f8                SEGGER_SYSVIEW_SendModule
 .text.SEGGER_SYSVIEW_SendModuleDescription
                0x0800680c       0x3c ./common/ThirdParty/SEGGER/SEGGER/SEGGER_SYSVIEW.o
                0x0800680c                SEGGER_SYSVIEW_SendModuleDescription
 .text.SEGGER_SYSVIEW_SendNumModules
                0x08006848       0x7c ./common/ThirdParty/SEGGER/SEGGER/SEGGER_SYSVIEW.o
                0x08006848                SEGGER_SYSVIEW_SendNumModules
 .text.SEGGER_SYSVIEW_Warn
                0x080068c4       0xb8 ./common/ThirdParty/SEGGER/SEGGER/SEGGER_SYSVIEW.o
                0x080068c4                SEGGER_SYSVIEW_Warn
 .text.memcmp   0x0800697c       0x20 /opt/st/stm32cubeide_1.19.0/plugins/com.st.stm32cube.ide.mcu.externaltools.gnu-tools-for-stm32.13.3.rel1.linux64_1.0.0.202410170706/tools/bin/../lib/gcc/arm-none-eabi/13.3.1/../../../../arm-none-eabi/lib/thumb/v7e-m+fp/hard/libc_nano.a(libc_a-memcmp.o)
                0x0800697c                memcmp
 .text.memset   0x0800699c       0x10 /opt/st/stm32cubeide_1.19.0/plugins/com.st.stm32cube.ide.mcu.externaltools.gnu-tools-for-stm32.13.3.rel1.linux64_1.0.0.202410170706/tools/bin/../lib/gcc/arm-none-eabi/13.3.1/../../../../arm-none-eabi/lib/thumb/v7e-m+fp/hard/libc_nano.a(libc_a-memset.o)
                0x0800699c                memset
 .text.__libc_init_array
                0x080069ac       0x48 /opt/st/stm32cubeide_1.19.0/plugins/com.st.stm32cube.ide.mcu.externaltools.gnu-tools-for-stm32.13.3.rel1.linux64_1.0.0.202410170706/tools/bin/../lib/gcc/arm-none-eabi/13.3.1/../../../../arm-none-eabi/lib/thumb/v7e-m+fp/hard/libc_nano.a(libc_a-init.o)
                0x080069ac                __libc_init_array
 .text.memcpy   0x080069f4       0x1c /opt/st/stm32cubeide_1.19.0/plugins/com.st.stm32cube.ide.mcu.externaltools.gnu-tools-for-stm32.13.3.rel1.linux64_1.0.0.202410170706/tools/bin/../lib/gcc/arm-none-eabi/13.3.1/../../../../arm-none-eabi/lib/thumb/v7e-m+fp/hard/libc_nano.a(libc_a-memcpy-stub.o)
                0x080069f4                memcpy
 *(.glue_7)
 .glue_7        0x08006a10        0x0 linker stubs
 *(.glue_7t)
 .glue_7t       0x08006a10        0x0 linker stubs
 *(.eh_frame)
 .eh_frame      0x08006a10        0x0 /opt/st/stm32cubeide_1.19.0/plugins/com.st.stm32cube.ide.mcu.externaltools.gnu-tools-for-stm32.13.3.rel1.linux64_1.0.0.202410170706/tools/bin/../lib/gcc/arm-none-eabi/13.3.1/thumb/v7e-m+fp/hard/crtbegin.o
 *(.init)
 .init          0x08006a10        0x4 /opt/st/stm32cubeide_1.19.0/plugins/com.st.stm32cube.ide.mcu.externaltools.gnu-tools-for-stm32.13.3.rel1.linux64_1.0.0.202410170706/tools/bin/../lib/gcc/arm-none-eabi/13.3.1/thumb/v7e-m+fp/hard/crti.o
                0x08006a10                _init
 .init          0x08006a14        0x8 /opt/st/stm32cubeide_1.19.0/plugins/com.st.stm32cube.ide.mcu.externaltools.gnu-tools-for-stm32.13.3.rel1.linux64_1.0.0.202410170706/tools/bin/../lib/gcc/arm-none-eabi/13.3.1/thumb/v7e-m+fp/hard/crtn.o
 *(.fini)
 .fini          0x08006a1c        0x4 /opt/st/stm32cubeide_1.19.0/plugins/com.st.stm32cube.ide.mcu.externaltools.gnu-tools-for-stm32.13.3.rel1.linux64_1.0.0.202410170706/tools/bin/../lib/gcc/arm-none-eabi/13.3.1/thumb/v7e-m+fp/hard/crti.o
                0x08006a1c                _fini
 .fini          0x08006a20        0x8 /opt/st/stm32cubeide_1.19.0/plugins/com.st.stm32cube.ide.mcu.externaltools.gnu-tools-for-stm32.13.3.rel1.linux64_1.0.0.202410170706/tools/bin/../lib/gcc/arm-none-eabi/13.3.1/thumb/v7e-m+fp/hard/crtn.o
                0x08006a28                        . = ALIGN (0x4)
                0x08006a28                        _etext = .

.vfp11_veneer   0x08006a28        0x0
 .vfp11_veneer  0x08006a28        0x0 linker stubs

.v4_bx          0x08006a28        0x0
 .v4_bx         0x08006a28        0x0 linker stubs

.iplt           0x08006a28        0x0
 .iplt          0x08006a28        0x0 /opt/st/stm32cubeide_1.19.0/plugins/com.st.stm32cube.ide.mcu.externaltools.gnu-tools-for-stm32.13.3.rel1.linux64_1.0.0.202410170706/tools/bin/../lib/gcc/arm-none-eabi/13.3.1/thumb/v7e-m+fp/hard/crtbegin.o

.rodata         0x08006a28      0x154
                0x08006a28                        . = ALIGN (0x4)
 *(.rodata)
 .rodata        0x08006a28       0x3d ./Core/Src/main.o
 *fill*         0x08006a65        0x3 
 .rodata        0x08006a68        0x5 ./common/ThirdParty/FreeRTOS/tasks.o
 *fill*         0x08006a6d        0x3 
 .rodata        0x08006a70        0x8 ./common/ThirdParty/FreeRTOS/timers.o
 .rodata        0x08006a78       0x49 ./common/ThirdParty/SEGGER/Config/SEGGER_SYSVIEW_Config_FreeRTOS.o
 *fill*         0x08006ac1        0x3 
 .rodata        0x08006ac4       0x58 ./common/ThirdParty/SEGGER/OS/SEGGER_SYSVIEW_FreeRTOS.o
 .rodata        0x08006b1c        0x9 ./common/ThirdParty/SEGGER/SEGGER/SEGGER_RTT.o
 *fill*         0x08006b25        0x3 
 .rodata        0x08006b28       0x10 ./common/ThirdParty/SEGGER/SEGGER/SEGGER_SYSVIEW.o
 *(.rodata*)
 .rodata.AHBPrescTable
                0x08006b38       0x10 ./Core/Src/system_stm32f4xx.o
                0x08006b38                AHBPrescTable
 .rodata.APBPrescTable
                0x08006b48        0x8 ./Core/Src/system_stm32f4xx.o
                0x08006b48                APBPrescTable
 .rodata.uxTopUsedPriority
                0x08006b50        0x4 ./common/ThirdParty/FreeRTOS/tasks.o
 .rodata.SYSVIEW_X_OS_TraceAPI
                0x08006b54        0x8 ./common/ThirdParty/SEGGER/OS/SEGGER_SYSVIEW_FreeRTOS.o
                0x08006b54                SYSVIEW_X_OS_TraceAPI
 .rodata._aInitStr.0
                0x08006b5c       0x11 ./common/ThirdParty/SEGGER/SEGGER/SEGGER_RTT.o
 *fill*         0x08006b6d        0x3 
 .rodata._abSync
                0x08006b70        0xa ./common/ThirdParty/SEGGER/SEGGER/SEGGER_SYSVIEW.o
                0x08006b7c                        . = ALIGN (0x4)
 *fill*         0x08006b7a        0x2 

.ARM.extab      0x08006b7c        0x0
                0x08006b7c                        . = ALIGN (0x4)
 *(.ARM.extab* .gnu.linkonce.armextab.*)
                0x08006b7c                        . = ALIGN (0x4)

.ARM            0x08006b7c        0x8
                0x08006b7c                        . = ALIGN (0x4)
                0x08006b7c                        __exidx_start = .
 *(.ARM.exidx*)
 .ARM.exidx     0x08006b7c        0x8 /opt/st/stm32cubeide_1.19.0/plugins/com.st.stm32cube.ide.mcu.externaltools.gnu-tools-for-stm32.13.3.rel1.linux64_1.0.0.202410170706/tools/bin/../lib/gcc/arm-none-eabi/13.3.1/thumb/v7e-m+fp/hard/libgcc.a(_udivmoddi4.o)
                0x08006b84                        __exidx_end = .
                0x08006b84                        . = ALIGN (0x4)

.preinit_array  0x08006b84        0x0
                0x08006b84                        . = ALIGN (0x4)
                0x08006b84                        PROVIDE (__preinit_array_start = .)
 *(.preinit_array*)
                0x08006b84                        PROVIDE (__preinit_array_end = .)
                0x08006b84                        . = ALIGN (0x4)

.init_array     0x08006b84        0x4
                0x08006b84                        . = ALIGN (0x4)
                0x08006b84                        PROVIDE (__init_array_start = .)
 *(SORT_BY_NAME(.init_array.*))
 *(.init_array*)
 .init_array    0x08006b84        0x4 /opt/st/stm32cubeide_1.19.0/plugins/com.st.stm32cube.ide.mcu.externaltools.gnu-tools-for-stm32.13.3.rel1.linux64_1.0.0.202410170706/tools/bin/../lib/gcc/arm-none-eabi/13.3.1/thumb/v7e-m+fp/hard/crtbegin.o
                0x08006b88                        PROVIDE (__init_array_end = .)
                0x08006b88                        . = ALIGN (0x4)

.fini_array     0x08006b88        0x4
                0x08006b88                        . = ALIGN (0x4)
                [!provide]                        PROVIDE (__fini_array_start = .)
 *(SORT_BY_NAME(.fini_array.*))
 *(.fini_array*)
 .fini_array    0x08006b88        0x4 /opt/st/stm32cubeide_1.19.0/plugins/com.st.stm32cube.ide.mcu.externaltools.gnu-tools-for-stm32.13.3.rel1.linux64_1.0.0.202410170706/tools/bin/../lib/gcc/arm-none-eabi/13.3.1/thumb/v7e-m+fp/hard/crtbegin.o
                [!provide]                        PROVIDE (__fini_array_end = .)
                0x08006b8c                        . = ALIGN (0x4)
                0x08006b8c                        _sidata = LOADADDR (.data)

.rel.dyn        0x08006b8c        0x0
 .rel.iplt      0x08006b8c        0x0 /opt/st/stm32cubeide_1.19.0/plugins/com.st.stm32cube.ide.mcu.externaltools.gnu-tools-for-stm32.13.3.rel1.linux64_1.0.0.202410170706/tools/bin/../lib/gcc/arm-none-eabi/13.3.1/thumb/v7e-m+fp/hard/crtbegin.o

.data           0x20000000       0x10 load address 0x08006b8c
                0x20000000                        . = ALIGN (0x4)
                0x20000000                        _sdata = .
 *(.data)
 *(.data*)
 .data.SystemCoreClock
                0x20000000        0x4 ./Core/Src/system_stm32f4xx.o
                0x20000000                SystemCoreClock
 .data.uwTickPrio
                0x20000004        0x4 ./Drivers/STM32F4xx_HAL_Driver/Src/stm32f4xx_hal.o
                0x20000004                uwTickPrio
 .data.uwTickFreq
                0x20000008        0x1 ./Drivers/STM32F4xx_HAL_Driver/Src/stm32f4xx_hal.o
                0x20000008                uwTickFreq
 *fill*         0x20000009        0x3 
 .data.uxCriticalNesting
                0x2000000c        0x4 ./common/ThirdParty/FreeRTOS/portable/GCC/ARM_CM4F/port.o
 *(.RamFunc)
 *(.RamFunc*)
                0x20000010                        . = ALIGN (0x4)
                0x20000010                        _edata = .

.igot.plt       0x20000010        0x0 load address 0x08006b9c
 .igot.plt      0x20000010        0x0 /opt/st/stm32cubeide_1.19.0/plugins/com.st.stm32cube.ide.mcu.externaltools.gnu-tools-for-stm32.13.3.rel1.linux64_1.0.0.202410170706/tools/bin/../lib/gcc/arm-none-eabi/13.3.1/thumb/v7e-m+fp/hard/crtbegin.o
                0x20000010                        . = ALIGN (0x4)

.bss            0x20000010     0x469c load address 0x08006b9c
                0x20000010                        _sbss = .
                0x20000010                        __bss_start__ = _sbss
 *(.bss)
 .bss           0x20000010       0x1c /opt/st/stm32cubeide_1.19.0/plugins/com.st.stm32cube.ide.mcu.externaltools.gnu-tools-for-stm32.13.3.rel1.linux64_1.0.0.202410170706/tools/bin/../lib/gcc/arm-none-eabi/13.3.1/thumb/v7e-m+fp/hard/crtbegin.o
 *(.bss*)
 .bss.task1_handler
                0x2000002c        0x4 ./Core/Src/main.o
                0x2000002c                task1_handler
 .bss.task2_handler
                0x20000030        0x4 ./Core/Src/main.o
                0x20000030                task2_handler
 .bss.btn_status
                0x20000034        0x4 ./Core/Src/main.o
                0x20000034                btn_status
 .bss.htim2     0x20000038       0x48 ./Core/Src/stm32f4xx_hal_timebase_tim.o
                0x20000038                htim2
 .bss.uwTick    0x20000080        0x4 ./Drivers/STM32F4xx_HAL_Driver/Src/stm32f4xx_hal.o
                0x20000080                uwTick
 .bss.pxCurrentTCB
                0x20000084        0x4 ./common/ThirdParty/FreeRTOS/tasks.o
                0x20000084                pxCurrentTCB
 .bss.pxReadyTasksLists
                0x20000088       0x78 ./common/ThirdParty/FreeRTOS/tasks.o
 .bss.xDelayedTaskList1
                0x20000100       0x18 ./common/ThirdParty/FreeRTOS/tasks.o
 .bss.xDelayedTaskList2
                0x20000118       0x18 ./common/ThirdParty/FreeRTOS/tasks.o
 .bss.pxDelayedTaskList
                0x20000130        0x4 ./common/ThirdParty/FreeRTOS/tasks.o
 .bss.pxOverflowDelayedTaskList
                0x20000134        0x4 ./common/ThirdParty/FreeRTOS/tasks.o
 .bss.xPendingReadyList
                0x20000138       0x18 ./common/ThirdParty/FreeRTOS/tasks.o
 .bss.xTasksWaitingTermination
                0x20000150       0x18 ./common/ThirdParty/FreeRTOS/tasks.o
 .bss.uxDeletedTasksWaitingCleanUp
                0x20000168        0x4 ./common/ThirdParty/FreeRTOS/tasks.o
 *fill*         0x2000016c        0x4 
 .bss.xSuspendedTaskList
                0x20000170       0x18 ./common/ThirdParty/FreeRTOS/tasks.o
 .bss.uxCurrentNumberOfTasks
                0x20000188        0x4 ./common/ThirdParty/FreeRTOS/tasks.o
 *fill*         0x2000018c        0x4 
 .bss.xTickCount
                0x20000190        0x8 ./common/ThirdParty/FreeRTOS/tasks.o
 .bss.uxTopReadyPriority
                0x20000198        0x4 ./common/ThirdParty/FreeRTOS/tasks.o
 .bss.xSchedulerRunning
                0x2000019c        0x4 ./common/ThirdParty/FreeRTOS/tasks.o
 .bss.xPendedTicks
                0x200001a0        0x8 ./common/ThirdParty/FreeRTOS/tasks.o
 .bss.xYieldPendings
                0x200001a8        0x4 ./common/ThirdParty/FreeRTOS/tasks.o
 .bss.xNumOfOverflows
                0x200001ac        0x4 ./common/ThirdParty/FreeRTOS/tasks.o
 .bss.uxTaskNumber
                0x200001b0        0x4 ./common/ThirdParty/FreeRTOS/tasks.o
 *fill*         0x200001b4        0x4 
 .bss.xNextTaskUnblockTime
                0x200001b8        0x8 ./common/ThirdParty/FreeRTOS/tasks.o
 .bss.xIdleTaskHandles
                0x200001c0        0x4 ./common/ThirdParty/FreeRTOS/tasks.o
 .bss.uxSchedulerSuspended
                0x200001c4        0x4 ./common/ThirdParty/FreeRTOS/tasks.o
 .bss.xIdleTaskTCB.3
                0x200001c8       0x60 ./common/ThirdParty/FreeRTOS/tasks.o
 .bss.uxIdleTaskStack.2
                0x20000228      0x200 ./common/ThirdParty/FreeRTOS/tasks.o
 .bss.xTimerTaskTCB.1
                0x20000428       0x60 ./common/ThirdParty/FreeRTOS/tasks.o
 .bss.uxTimerTaskStack.0
                0x20000488      0x200 ./common/ThirdParty/FreeRTOS/tasks.o
 .bss.xActiveTimerList1
                0x20000688       0x18 ./common/ThirdParty/FreeRTOS/timers.o
 .bss.xActiveTimerList2
                0x200006a0       0x18 ./common/ThirdParty/FreeRTOS/timers.o
 .bss.pxCurrentTimerList
                0x200006b8        0x4 ./common/ThirdParty/FreeRTOS/timers.o
 .bss.pxOverflowTimerList
                0x200006bc        0x4 ./common/ThirdParty/FreeRTOS/timers.o
 .bss.xTimerQueue
                0x200006c0        0x4 ./common/ThirdParty/FreeRTOS/timers.o
 .bss.xTimerTaskHandle
                0x200006c4        0x4 ./common/ThirdParty/FreeRTOS/timers.o
 .bss.xLastTime.2
                0x200006c8        0x8 ./common/ThirdParty/FreeRTOS/timers.o
 .bss.ucStaticTimerQueueStorage.1
                0x200006d0       0xf0 ./common/ThirdParty/FreeRTOS/timers.o
 .bss.xStaticTimerQueue.0
                0x200007c0       0x50 ./common/ThirdParty/FreeRTOS/timers.o
 .bss.ucMaxSysCallPriority
                0x20000810        0x1 ./common/ThirdParty/FreeRTOS/portable/GCC/ARM_CM4F/port.o
 *fill*         0x20000811        0x3 
 .bss.ulMaxPRIGROUPValue
                0x20000814        0x4 ./common/ThirdParty/FreeRTOS/portable/GCC/ARM_CM4F/port.o
 .bss.ucHeap    0x20000818     0x2800 ./common/ThirdParty/FreeRTOS/portable/MemMang/heap_4.o
 .bss.xStart    0x20003018        0x8 ./common/ThirdParty/FreeRTOS/portable/MemMang/heap_4.o
 .bss.pxEnd     0x20003020        0x4 ./common/ThirdParty/FreeRTOS/portable/MemMang/heap_4.o
 .bss.xFreeBytesRemaining
                0x20003024        0x4 ./common/ThirdParty/FreeRTOS/portable/MemMang/heap_4.o
 .bss.xMinimumEverFreeBytesRemaining
                0x20003028        0x4 ./common/ThirdParty/FreeRTOS/portable/MemMang/heap_4.o
 .bss.xNumberOfSuccessfulAllocations
                0x2000302c        0x4 ./common/ThirdParty/FreeRTOS/portable/MemMang/heap_4.o
 .bss.xNumberOfSuccessfulFrees
                0x20003030        0x4 ./common/ThirdParty/FreeRTOS/portable/MemMang/heap_4.o
 .bss._aTasks   0x20003034       0xa0 ./common/ThirdParty/SEGGER/OS/SEGGER_SYSVIEW_FreeRTOS.o
 .bss._NumTasks
                0x200030d4        0x4 ./common/ThirdParty/SEGGER/OS/SEGGER_SYSVIEW_FreeRTOS.o
 .bss._SEGGER_RTT
                0x200030d8       0xa8 ./common/ThirdParty/SEGGER/SEGGER/SEGGER_RTT.o
                0x200030d8                _SEGGER_RTT
 .bss._acUpBuffer
                0x20003180      0x400 ./common/ThirdParty/SEGGER/SEGGER/SEGGER_RTT.o
 .bss._acDownBuffer
                0x20003580       0x10 ./common/ThirdParty/SEGGER/SEGGER/SEGGER_RTT.o
 .bss._UpBuffer
                0x20003590     0x1000 ./common/ThirdParty/SEGGER/SEGGER/SEGGER_SYSVIEW.o
 .bss._DownBuffer
                0x20004590        0x8 ./common/ThirdParty/SEGGER/SEGGER/SEGGER_SYSVIEW.o
 .bss._SYSVIEW_Globals
                0x20004598       0x28 ./common/ThirdParty/SEGGER/SEGGER/SEGGER_SYSVIEW.o
 .bss._pFirstModule
                0x200045c0        0x4 ./common/ThirdParty/SEGGER/SEGGER/SEGGER_SYSVIEW.o
 .bss._NumModules
                0x200045c4        0x1 ./common/ThirdParty/SEGGER/SEGGER/SEGGER_SYSVIEW.o
 *fill*         0x200045c5        0x3 
 .bss._aPacket  0x200045c8       0xe3 ./common/ThirdParty/SEGGER/SEGGER/SEGGER_SYSVIEW.o
 *(COMMON)
                0x200046ac                        . = ALIGN (0x4)
 *fill*         0x200046ab        0x1 
                0x200046ac                        _ebss = .
                0x200046ac                        __bss_end__ = _ebss

._user_heap_stack
                0x200046ac      0x604 load address 0x08006b9c
                0x200046b0                        . = ALIGN (0x8)
 *fill*         0x200046ac        0x4 
                0x200046b0                        PROVIDE (end = .)
                [!provide]                        PROVIDE (_end = .)
                0x200048b0                        . = (. + _Min_Heap_Size)
 *fill*         0x200046b0      0x200 
                0x20004cb0                        . = (. + _Min_Stack_Size)
 *fill*         0x200048b0      0x400 
                0x20004cb0                        . = ALIGN (0x8)

/DISCARD/
 libc.a(*)
 libm.a(*)
 libgcc.a(*)

.ARM.attributes
                0x00000000       0x30
 *(.ARM.attributes)
 .ARM.attributes
                0x00000000       0x22 /opt/st/stm32cubeide_1.19.0/plugins/com.st.stm32cube.ide.mcu.externaltools.gnu-tools-for-stm32.13.3.rel1.linux64_1.0.0.202410170706/tools/bin/../lib/gcc/arm-none-eabi/13.3.1/thumb/v7e-m+fp/hard/crti.o
 .ARM.attributes
                0x00000022       0x34 /opt/st/stm32cubeide_1.19.0/plugins/com.st.stm32cube.ide.mcu.externaltools.gnu-tools-for-stm32.13.3.rel1.linux64_1.0.0.202410170706/tools/bin/../lib/gcc/arm-none-eabi/13.3.1/thumb/v7e-m+fp/hard/crtbegin.o
 .ARM.attributes
                0x00000056       0x34 ./Core/Src/main.o
 .ARM.attributes
                0x0000008a       0x34 ./Core/Src/stm32f4xx_hal_msp.o
 .ARM.attributes
                0x000000be       0x34 ./Core/Src/stm32f4xx_hal_timebase_tim.o
 .ARM.attributes
                0x000000f2       0x34 ./Core/Src/stm32f4xx_it.o
 .ARM.attributes
                0x00000126       0x34 ./Core/Src/system_stm32f4xx.o
 .ARM.attributes
                0x0000015a       0x21 ./Core/Startup/startup_stm32f411ceux.o
 .ARM.attributes
                0x0000017b       0x34 ./Drivers/STM32F4xx_HAL_Driver/Src/stm32f4xx_hal.o
 .ARM.attributes
                0x000001af       0x34 ./Drivers/STM32F4xx_HAL_Driver/Src/stm32f4xx_hal_cortex.o
 .ARM.attributes
                0x000001e3       0x34 ./Drivers/STM32F4xx_HAL_Driver/Src/stm32f4xx_hal_gpio.o
 .ARM.attributes
                0x00000217       0x34 ./Drivers/STM32F4xx_HAL_Driver/Src/stm32f4xx_hal_rcc.o
 .ARM.attributes
                0x0000024b       0x34 ./Drivers/STM32F4xx_HAL_Driver/Src/stm32f4xx_hal_tim.o
 .ARM.attributes
                0x0000027f       0x34 ./Drivers/STM32F4xx_HAL_Driver/Src/stm32f4xx_hal_tim_ex.o
 .ARM.attributes
                0x000002b3       0x34 ./common/ThirdParty/FreeRTOS/list.o
 .ARM.attributes
                0x000002e7       0x34 ./common/ThirdParty/FreeRTOS/queue.o
 .ARM.attributes
                0x0000031b       0x34 ./common/ThirdParty/FreeRTOS/tasks.o
 .ARM.attributes
                0x0000034f       0x34 ./common/ThirdParty/FreeRTOS/timers.o
 .ARM.attributes
                0x00000383       0x34 ./common/ThirdParty/FreeRTOS/portable/GCC/ARM_CM4F/port.o
 .ARM.attributes
                0x000003b7       0x34 ./common/ThirdParty/FreeRTOS/portable/MemMang/heap_4.o
 .ARM.attributes
                0x000003eb       0x34 ./common/ThirdParty/SEGGER/Config/SEGGER_SYSVIEW_Config_FreeRTOS.o
 .ARM.attributes
                0x0000041f       0x34 ./common/ThirdParty/SEGGER/OS/SEGGER_SYSVIEW_FreeRTOS.o
 .ARM.attributes
                0x00000453       0x34 ./common/ThirdParty/SEGGER/SEGGER/SEGGER_RTT.o
 .ARM.attributes
                0x00000487       0x20 ./common/ThirdParty/SEGGER/SEGGER/SEGGER_RTT_ASM_ARMv7M.o
 .ARM.attributes
                0x000004a7       0x34 ./common/ThirdParty/SEGGER/SEGGER/SEGGER_SYSVIEW.o
 .ARM.attributes
                0x000004db       0x34 /opt/st/stm32cubeide_1.19.0/plugins/com.st.stm32cube.ide.mcu.externaltools.gnu-tools-for-stm32.13.3.rel1.linux64_1.0.0.202410170706/tools/bin/../lib/gcc/arm-none-eabi/13.3.1/../../../../arm-none-eabi/lib/thumb/v7e-m+fp/hard/libc_nano.a(libc_a-memcmp.o)
 .ARM.attributes
                0x0000050f       0x34 /opt/st/stm32cubeide_1.19.0/plugins/com.st.stm32cube.ide.mcu.externaltools.gnu-tools-for-stm32.13.3.rel1.linux64_1.0.0.202410170706/tools/bin/../lib/gcc/arm-none-eabi/13.3.1/../../../../arm-none-eabi/lib/thumb/v7e-m+fp/hard/libc_nano.a(libc_a-memset.o)
 .ARM.attributes
                0x00000543       0x34 /opt/st/stm32cubeide_1.19.0/plugins/com.st.stm32cube.ide.mcu.externaltools.gnu-tools-for-stm32.13.3.rel1.linux64_1.0.0.202410170706/tools/bin/../lib/gcc/arm-none-eabi/13.3.1/../../../../arm-none-eabi/lib/thumb/v7e-m+fp/hard/libc_nano.a(libc_a-init.o)
 .ARM.attributes
                0x00000577       0x34 /opt/st/stm32cubeide_1.19.0/plugins/com.st.stm32cube.ide.mcu.externaltools.gnu-tools-for-stm32.13.3.rel1.linux64_1.0.0.202410170706/tools/bin/../lib/gcc/arm-none-eabi/13.3.1/../../../../arm-none-eabi/lib/thumb/v7e-m+fp/hard/libc_nano.a(libc_a-memcpy-stub.o)
 .ARM.attributes
                0x000005ab       0x22 /opt/st/stm32cubeide_1.19.0/plugins/com.st.stm32cube.ide.mcu.externaltools.gnu-tools-for-stm32.13.3.rel1.linux64_1.0.0.202410170706/tools/bin/../lib/gcc/arm-none-eabi/13.3.1/thumb/v7e-m+fp/hard/libgcc.a(_aeabi_uldivmod.o)
 .ARM.attributes
                0x000005cd       0x34 /opt/st/stm32cubeide_1.19.0/plugins/com.st.stm32cube.ide.mcu.externaltools.gnu-tools-for-stm32.13.3.rel1.linux64_1.0.0.202410170706/tools/bin/../lib/gcc/arm-none-eabi/13.3.1/thumb/v7e-m+fp/hard/libgcc.a(_udivmoddi4.o)
 .ARM.attributes
                0x00000601       0x22 /opt/st/stm32cubeide_1.19.0/plugins/com.st.stm32cube.ide.mcu.externaltools.gnu-tools-for-stm32.13.3.rel1.linux64_1.0.0.202410170706/tools/bin/../lib/gcc/arm-none-eabi/13.3.1/thumb/v7e-m+fp/hard/libgcc.a(_dvmd_tls.o)
 .ARM.attributes
                0x00000623       0x22 /opt/st/stm32cubeide_1.19.0/plugins/com.st.stm32cube.ide.mcu.externaltools.gnu-tools-for-stm32.13.3.rel1.linux64_1.0.0.202410170706/tools/bin/../lib/gcc/arm-none-eabi/13.3.1/thumb/v7e-m+fp/hard/crtn.o
OUTPUT(007_PrioChange.elf elf32-littlearm)
LOAD linker stubs
LOAD /opt/st/stm32cubeide_1.19.0/plugins/com.st.stm32cube.ide.mcu.externaltools.gnu-tools-for-stm32.13.3.rel1.linux64_1.0.0.202410170706/tools/bin/../lib/gcc/arm-none-eabi/13.3.1/../../../../arm-none-eabi/lib/thumb/v7e-m+fp/hard/libc.a
LOAD /opt/st/stm32cubeide_1.19.0/plugins/com.st.stm32cube.ide.mcu.externaltools.gnu-tools-for-stm32.13.3.rel1.linux64_1.0.0.202410170706/tools/bin/../lib/gcc/arm-none-eabi/13.3.1/../../../../arm-none-eabi/lib/thumb/v7e-m+fp/hard/libm.a
LOAD /opt/st/stm32cubeide_1.19.0/plugins/com.st.stm32cube.ide.mcu.externaltools.gnu-tools-for-stm32.13.3.rel1.linux64_1.0.0.202410170706/tools/bin/../lib/gcc/arm-none-eabi/13.3.1/thumb/v7e-m+fp/hard/libgcc.a

.debug_info     0x00000000    0x1574e
 .debug_info    0x00000000     0x1128 ./Core/Src/main.o
 .debug_info    0x00001128      0x2a7 ./Core/Src/stm32f4xx_hal_msp.o
 .debug_info    0x000013cf      0xb83 ./Core/Src/stm32f4xx_hal_timebase_tim.o
 .debug_info    0x00001f52      0x76e ./Core/Src/stm32f4xx_it.o
 .debug_info    0x000026c0      0x53e ./Core/Src/system_stm32f4xx.o
 .debug_info    0x00002bfe       0x30 ./Core/Startup/startup_stm32f411ceux.o
 .debug_info    0x00002c2e      0x8c4 ./Drivers/STM32F4xx_HAL_Driver/Src/stm32f4xx_hal.o
 .debug_info    0x000034f2      0xcfc ./Drivers/STM32F4xx_HAL_Driver/Src/stm32f4xx_hal_cortex.o
 .debug_info    0x000041ee      0x6f9 ./Drivers/STM32F4xx_HAL_Driver/Src/stm32f4xx_hal_gpio.o
 .debug_info    0x000048e7      0x904 ./Drivers/STM32F4xx_HAL_Driver/Src/stm32f4xx_hal_rcc.o
 .debug_info    0x000051eb     0x2996 ./Drivers/STM32F4xx_HAL_Driver/Src/stm32f4xx_hal_tim.o
 .debug_info    0x00007b81     0x14d4 ./Drivers/STM32F4xx_HAL_Driver/Src/stm32f4xx_hal_tim_ex.o
 .debug_info    0x00009055      0x2d8 ./common/ThirdParty/FreeRTOS/list.o
 .debug_info    0x0000932d     0x1aaa ./common/ThirdParty/FreeRTOS/queue.o
 .debug_info    0x0000add7     0x2b9c ./common/ThirdParty/FreeRTOS/tasks.o
 .debug_info    0x0000d973     0x13dd ./common/ThirdParty/FreeRTOS/timers.o
 .debug_info    0x0000ed50      0x61f ./common/ThirdParty/FreeRTOS/portable/GCC/ARM_CM4F/port.o
 .debug_info    0x0000f36f      0x5f6 ./common/ThirdParty/FreeRTOS/portable/MemMang/heap_4.o
 .debug_info    0x0000f965      0x17f ./common/ThirdParty/SEGGER/Config/SEGGER_SYSVIEW_Config_FreeRTOS.o
 .debug_info    0x0000fae4      0x426 ./common/ThirdParty/SEGGER/OS/SEGGER_SYSVIEW_FreeRTOS.o
 .debug_info    0x0000ff0a     0x14d5 ./common/ThirdParty/SEGGER/SEGGER/SEGGER_RTT.o
 .debug_info    0x000113df       0x25 ./common/ThirdParty/SEGGER/SEGGER/SEGGER_RTT_ASM_ARMv7M.o
 .debug_info    0x00011404     0x434a ./common/ThirdParty/SEGGER/SEGGER/SEGGER_SYSVIEW.o

.debug_abbrev   0x00000000     0x30f6
 .debug_abbrev  0x00000000      0x357 ./Core/Src/main.o
 .debug_abbrev  0x00000357       0xeb ./Core/Src/stm32f4xx_hal_msp.o
 .debug_abbrev  0x00000442      0x207 ./Core/Src/stm32f4xx_hal_timebase_tim.o
 .debug_abbrev  0x00000649      0x246 ./Core/Src/stm32f4xx_it.o
 .debug_abbrev  0x0000088f      0x11a ./Core/Src/system_stm32f4xx.o
 .debug_abbrev  0x000009a9       0x24 ./Core/Startup/startup_stm32f411ceux.o
 .debug_abbrev  0x000009cd      0x24b ./Drivers/STM32F4xx_HAL_Driver/Src/stm32f4xx_hal.o
 .debug_abbrev  0x00000c18      0x31d ./Drivers/STM32F4xx_HAL_Driver/Src/stm32f4xx_hal_cortex.o
 .debug_abbrev  0x00000f35      0x1d3 ./Drivers/STM32F4xx_HAL_Driver/Src/stm32f4xx_hal_gpio.o
 .debug_abbrev  0x00001108      0x2b6 ./Drivers/STM32F4xx_HAL_Driver/Src/stm32f4xx_hal_rcc.o
 .debug_abbrev  0x000013be      0x28b ./Drivers/STM32F4xx_HAL_Driver/Src/stm32f4xx_hal_tim.o
 .debug_abbrev  0x00001649      0x296 ./Drivers/STM32F4xx_HAL_Driver/Src/stm32f4xx_hal_tim_ex.o
 .debug_abbrev  0x000018df      0x10c ./common/ThirdParty/FreeRTOS/list.o
 .debug_abbrev  0x000019eb      0x342 ./common/ThirdParty/FreeRTOS/queue.o
 .debug_abbrev  0x00001d2d      0x3a4 ./common/ThirdParty/FreeRTOS/tasks.o
 .debug_abbrev  0x000020d1      0x350 ./common/ThirdParty/FreeRTOS/timers.o
 .debug_abbrev  0x00002421      0x248 ./common/ThirdParty/FreeRTOS/portable/GCC/ARM_CM4F/port.o
 .debug_abbrev  0x00002669      0x25a ./common/ThirdParty/FreeRTOS/portable/MemMang/heap_4.o
 .debug_abbrev  0x000028c3       0xef ./common/ThirdParty/SEGGER/Config/SEGGER_SYSVIEW_Config_FreeRTOS.o
 .debug_abbrev  0x000029b2      0x1c0 ./common/ThirdParty/SEGGER/OS/SEGGER_SYSVIEW_FreeRTOS.o
 .debug_abbrev  0x00002b72      0x230 ./common/ThirdParty/SEGGER/SEGGER/SEGGER_RTT.o
 .debug_abbrev  0x00002da2       0x14 ./common/ThirdParty/SEGGER/SEGGER/SEGGER_RTT_ASM_ARMv7M.o
 .debug_abbrev  0x00002db6      0x340 ./common/ThirdParty/SEGGER/SEGGER/SEGGER_SYSVIEW.o

.debug_aranges  0x00000000     0x13f8
 .debug_aranges
                0x00000000       0x60 ./Core/Src/main.o
 .debug_aranges
                0x00000060       0x20 ./Core/Src/stm32f4xx_hal_msp.o
 .debug_aranges
                0x00000080       0x30 ./Core/Src/stm32f4xx_hal_timebase_tim.o
 .debug_aranges
                0x000000b0       0x60 ./Core/Src/stm32f4xx_it.o
 .debug_aranges
                0x00000110       0x28 ./Core/Src/system_stm32f4xx.o
 .debug_aranges
                0x00000138       0x28 ./Core/Startup/startup_stm32f411ceux.o
 .debug_aranges
                0x00000160       0xf0 ./Drivers/STM32F4xx_HAL_Driver/Src/stm32f4xx_hal.o
 .debug_aranges
                0x00000250      0x130 ./Drivers/STM32F4xx_HAL_Driver/Src/stm32f4xx_hal_cortex.o
 .debug_aranges
                0x00000380       0x58 ./Drivers/STM32F4xx_HAL_Driver/Src/stm32f4xx_hal_gpio.o
 .debug_aranges
                0x000003d8       0x88 ./Drivers/STM32F4xx_HAL_Driver/Src/stm32f4xx_hal_rcc.o
 .debug_aranges
                0x00000460      0x3d0 ./Drivers/STM32F4xx_HAL_Driver/Src/stm32f4xx_hal_tim.o
 .debug_aranges
                0x00000830      0x168 ./Drivers/STM32F4xx_HAL_Driver/Src/stm32f4xx_hal_tim_ex.o
 .debug_aranges
                0x00000998       0x40 ./common/ThirdParty/FreeRTOS/list.o
 .debug_aranges
                0x000009d8      0x130 ./common/ThirdParty/FreeRTOS/queue.o
 .debug_aranges
                0x00000b08      0x240 ./common/ThirdParty/FreeRTOS/tasks.o
 .debug_aranges
                0x00000d48       0xf8 ./common/ThirdParty/FreeRTOS/timers.o
 .debug_aranges
                0x00000e40       0x88 ./common/ThirdParty/FreeRTOS/portable/GCC/ARM_CM4F/port.o
 .debug_aranges
                0x00000ec8       0x68 ./common/ThirdParty/FreeRTOS/portable/MemMang/heap_4.o
 .debug_aranges
                0x00000f30       0x28 ./common/ThirdParty/SEGGER/Config/SEGGER_SYSVIEW_Config_FreeRTOS.o
 .debug_aranges
                0x00000f58       0x48 ./common/ThirdParty/SEGGER/OS/SEGGER_SYSVIEW_FreeRTOS.o
 .debug_aranges
                0x00000fa0      0x138 ./common/ThirdParty/SEGGER/SEGGER/SEGGER_RTT.o
 .debug_aranges
                0x000010d8       0x20 ./common/ThirdParty/SEGGER/SEGGER/SEGGER_RTT_ASM_ARMv7M.o
 .debug_aranges
                0x000010f8      0x300 ./common/ThirdParty/SEGGER/SEGGER/SEGGER_SYSVIEW.o

.debug_rnglists
                0x00000000      0xf66
 .debug_rnglists
                0x00000000       0x47 ./Core/Src/main.o
 .debug_rnglists
                0x00000047       0x13 ./Core/Src/stm32f4xx_hal_msp.o
 .debug_rnglists
                0x0000005a       0x20 ./Core/Src/stm32f4xx_hal_timebase_tim.o
 .debug_rnglists
                0x0000007a       0x43 ./Core/Src/stm32f4xx_it.o
 .debug_rnglists
                0x000000bd       0x1a ./Core/Src/system_stm32f4xx.o
 .debug_rnglists
                0x000000d7       0x19 ./Core/Startup/startup_stm32f411ceux.o
 .debug_rnglists
                0x000000f0       0xaf ./Drivers/STM32F4xx_HAL_Driver/Src/stm32f4xx_hal.o
 .debug_rnglists
                0x0000019f       0xe0 ./Drivers/STM32F4xx_HAL_Driver/Src/stm32f4xx_hal_cortex.o
 .debug_rnglists
                0x0000027f       0x3f ./Drivers/STM32F4xx_HAL_Driver/Src/stm32f4xx_hal_gpio.o
 .debug_rnglists
                0x000002be       0x66 ./Drivers/STM32F4xx_HAL_Driver/Src/stm32f4xx_hal_rcc.o
 .debug_rnglists
                0x00000324      0x31a ./Drivers/STM32F4xx_HAL_Driver/Src/stm32f4xx_hal_tim.o
 .debug_rnglists
                0x0000063e      0x125 ./Drivers/STM32F4xx_HAL_Driver/Src/stm32f4xx_hal_tim_ex.o
 .debug_rnglists
                0x00000763       0x2c ./common/ThirdParty/FreeRTOS/list.o
 .debug_rnglists
                0x0000078f       0xed ./common/ThirdParty/FreeRTOS/queue.o
 .debug_rnglists
                0x0000087c      0x1d0 ./common/ThirdParty/FreeRTOS/tasks.o
 .debug_rnglists
                0x00000a4c       0xbc ./common/ThirdParty/FreeRTOS/timers.o
 .debug_rnglists
                0x00000b08       0x64 ./common/ThirdParty/FreeRTOS/portable/GCC/ARM_CM4F/port.o
 .debug_rnglists
                0x00000b6c       0x4e ./common/ThirdParty/FreeRTOS/portable/MemMang/heap_4.o
 .debug_rnglists
                0x00000bba       0x19 ./common/ThirdParty/SEGGER/Config/SEGGER_SYSVIEW_Config_FreeRTOS.o
 .debug_rnglists
                0x00000bd3       0x36 ./common/ThirdParty/SEGGER/OS/SEGGER_SYSVIEW_FreeRTOS.o
 .debug_rnglists
                0x00000c09       0xf5 ./common/ThirdParty/SEGGER/SEGGER/SEGGER_RTT.o
 .debug_rnglists
                0x00000cfe      0x268 ./common/ThirdParty/SEGGER/SEGGER/SEGGER_SYSVIEW.o

.debug_macro    0x00000000    0x1a187
 .debug_macro   0x00000000      0x38f ./Core/Src/main.o
 .debug_macro   0x0000038f      0xad8 ./Core/Src/main.o
 .debug_macro   0x00000e67      0x295 ./Core/Src/main.o
 .debug_macro   0x000010fc       0x2e ./Core/Src/main.o
 .debug_macro   0x0000112a       0x28 ./Core/Src/main.o
 .debug_macro   0x00001152       0x22 ./Core/Src/main.o
 .debug_macro   0x00001174       0x8e ./Core/Src/main.o
 .debug_macro   0x00001202       0x51 ./Core/Src/main.o
 .debug_macro   0x00001253      0x103 ./Core/Src/main.o
 .debug_macro   0x00001356       0x6a ./Core/Src/main.o
 .debug_macro   0x000013c0      0x1df ./Core/Src/main.o
 .debug_macro   0x0000159f       0x1c ./Core/Src/main.o
 .debug_macro   0x000015bb       0x22 ./Core/Src/main.o
 .debug_macro   0x000015dd       0xfb ./Core/Src/main.o
 .debug_macro   0x000016d8     0x1011 ./Core/Src/main.o
 .debug_macro   0x000026e9      0x11f ./Core/Src/main.o
 .debug_macro   0x00002808     0xb968 ./Core/Src/main.o
 .debug_macro   0x0000e170       0x6d ./Core/Src/main.o
 .debug_macro   0x0000e1dd     0x3693 ./Core/Src/main.o
 .debug_macro   0x00011870      0x190 ./Core/Src/main.o
 .debug_macro   0x00011a00       0x5c ./Core/Src/main.o
 .debug_macro   0x00011a5c      0x45c ./Core/Src/main.o
 .debug_macro   0x00011eb8      0x9e9 ./Core/Src/main.o
 .debug_macro   0x000128a1      0x115 ./Core/Src/main.o
 .debug_macro   0x000129b6      0x11b ./Core/Src/main.o
 .debug_macro   0x00012ad1       0xa5 ./Core/Src/main.o
 .debug_macro   0x00012b76      0x15f ./Core/Src/main.o
 .debug_macro   0x00012cd5      0x287 ./Core/Src/main.o
 .debug_macro   0x00012f5c       0x5f ./Core/Src/main.o
 .debug_macro   0x00012fbb      0x236 ./Core/Src/main.o
 .debug_macro   0x000131f1      0x132 ./Core/Src/main.o
 .debug_macro   0x00013323      0x264 ./Core/Src/main.o
 .debug_macro   0x00013587       0x2e ./Core/Src/main.o
 .debug_macro   0x000135b5      0x127 ./Core/Src/main.o
 .debug_macro   0x000136dc       0x85 ./Core/Src/main.o
 .debug_macro   0x00013761       0x89 ./Core/Src/main.o
 .debug_macro   0x000137ea      0x8ed ./Core/Src/main.o
 .debug_macro   0x000140d7       0x47 ./Core/Src/main.o
 .debug_macro   0x0001411e      0x126 ./Core/Src/main.o
 .debug_macro   0x00014244       0x61 ./Core/Src/main.o
 .debug_macro   0x000142a5       0x2a ./Core/Src/main.o
 .debug_macro   0x000142cf       0x43 ./Core/Src/main.o
 .debug_macro   0x00014312       0x34 ./Core/Src/main.o
 .debug_macro   0x00014346       0x16 ./Core/Src/main.o
 .debug_macro   0x0001435c       0x3c ./Core/Src/main.o
 .debug_macro   0x00014398      0x370 ./Core/Src/main.o
 .debug_macro   0x00014708       0x10 ./Core/Src/main.o
 .debug_macro   0x00014718       0x16 ./Core/Src/main.o
 .debug_macro   0x0001472e       0x4a ./Core/Src/main.o
 .debug_macro   0x00014778       0x34 ./Core/Src/main.o
 .debug_macro   0x000147ac       0x10 ./Core/Src/main.o
 .debug_macro   0x000147bc       0x58 ./Core/Src/main.o
 .debug_macro   0x00014814       0x8e ./Core/Src/main.o
 .debug_macro   0x000148a2       0x1c ./Core/Src/main.o
 .debug_macro   0x000148be      0x185 ./Core/Src/main.o
 .debug_macro   0x00014a43       0x16 ./Core/Src/main.o
 .debug_macro   0x00014a59       0x16 ./Core/Src/main.o
 .debug_macro   0x00014a6f      0x146 ./Core/Src/main.o
 .debug_macro   0x00014bb5       0x16 ./Core/Src/main.o
 .debug_macro   0x00014bcb      0x2a7 ./Core/Src/main.o
 .debug_macro   0x00014e72       0x4c ./Core/Src/main.o
 .debug_macro   0x00014ebe       0x46 ./Core/Src/main.o
 .debug_macro   0x00014f04       0x64 ./Core/Src/main.o
 .debug_macro   0x00014f68       0x10 ./Core/Src/main.o
 .debug_macro   0x00014f78       0x49 ./Core/Src/main.o
 .debug_macro   0x00014fc1       0xd1 ./Core/Src/main.o
 .debug_macro   0x00015092      0x234 ./Core/Src/main.o
 .debug_macro   0x000152c6      0xf65 ./Core/Src/main.o
 .debug_macro   0x0001622b      0x182 ./Core/Src/main.o
 .debug_macro   0x000163ad       0xcc ./Core/Src/main.o
 .debug_macro   0x00016479       0x22 ./Core/Src/main.o
 .debug_macro   0x0001649b       0x1f ./Core/Src/main.o
 .debug_macro   0x000164ba       0x12 ./Core/Src/main.o
 .debug_macro   0x000164cc      0xa0c ./Core/Src/main.o
 .debug_macro   0x00016ed8       0xc3 ./Core/Src/main.o
 .debug_macro   0x00016f9b      0x14f ./Core/Src/main.o
 .debug_macro   0x000170ea      0x299 ./Core/Src/stm32f4xx_hal_msp.o
 .debug_macro   0x00017383       0x58 ./Core/Src/stm32f4xx_hal_msp.o
 .debug_macro   0x000173db      0x1c4 ./Core/Src/stm32f4xx_hal_timebase_tim.o
 .debug_macro   0x0001759f      0x2bb ./Core/Src/stm32f4xx_it.o
 .debug_macro   0x0001785a      0x1c4 ./Core/Src/system_stm32f4xx.o
 .debug_macro   0x00017a1e      0x224 ./Drivers/STM32F4xx_HAL_Driver/Src/stm32f4xx_hal.o
 .debug_macro   0x00017c42      0x1c4 ./Drivers/STM32F4xx_HAL_Driver/Src/stm32f4xx_hal_cortex.o
 .debug_macro   0x00017e06      0x1ca ./Drivers/STM32F4xx_HAL_Driver/Src/stm32f4xx_hal_gpio.o
 .debug_macro   0x00017fd0      0x1e8 ./Drivers/STM32F4xx_HAL_Driver/Src/stm32f4xx_hal_rcc.o
 .debug_macro   0x000181b8      0x1c5 ./Drivers/STM32F4xx_HAL_Driver/Src/stm32f4xx_hal_tim.o
 .debug_macro   0x0001837d      0x1c4 ./Drivers/STM32F4xx_HAL_Driver/Src/stm32f4xx_hal_tim_ex.o
 .debug_macro   0x00018541      0x214 ./common/ThirdParty/FreeRTOS/list.o
 .debug_macro   0x00018755      0x2ab ./common/ThirdParty/FreeRTOS/queue.o
 .debug_macro   0x00018a00       0x16 ./common/ThirdParty/FreeRTOS/queue.o
 .debug_macro   0x00018a16       0x20 ./common/ThirdParty/FreeRTOS/queue.o
 .debug_macro   0x00018a36       0x8e ./common/ThirdParty/FreeRTOS/queue.o
 .debug_macro   0x00018ac4      0x338 ./common/ThirdParty/FreeRTOS/tasks.o
 .debug_macro   0x00018dfc       0x17 ./common/ThirdParty/FreeRTOS/tasks.o
 .debug_macro   0x00018e13      0x263 ./common/ThirdParty/FreeRTOS/timers.o
 .debug_macro   0x00019076       0x9e ./common/ThirdParty/FreeRTOS/timers.o
 .debug_macro   0x00019114      0x241 ./common/ThirdParty/FreeRTOS/portable/GCC/ARM_CM4F/port.o
 .debug_macro   0x00019355      0x2a3 ./common/ThirdParty/FreeRTOS/portable/MemMang/heap_4.o
 .debug_macro   0x000195f8      0x157 ./common/ThirdParty/SEGGER/Config/SEGGER_SYSVIEW_Config_FreeRTOS.o
 .debug_macro   0x0001974f      0x223 ./common/ThirdParty/SEGGER/OS/SEGGER_SYSVIEW_FreeRTOS.o
 .debug_macro   0x00019972      0x1e8 ./common/ThirdParty/SEGGER/SEGGER/SEGGER_RTT.o
 .debug_macro   0x00019b5a       0x35 ./common/ThirdParty/SEGGER/SEGGER/SEGGER_RTT.o
 .debug_macro   0x00019b8f      0x138 ./common/ThirdParty/SEGGER/SEGGER/SEGGER_RTT.o
 .debug_macro   0x00019cc7      0x251 ./common/ThirdParty/SEGGER/SEGGER/SEGGER_SYSVIEW.o
 .debug_macro   0x00019f18      0x234 ./common/ThirdParty/SEGGER/SEGGER/SEGGER_SYSVIEW.o
 .debug_macro   0x0001a14c       0x3b ./common/ThirdParty/SEGGER/SEGGER/SEGGER_SYSVIEW.o

.debug_line     0x00000000    0x154bf
 .debug_line    0x00000000      0xc2d ./Core/Src/main.o
 .debug_line    0x00000c2d      0x939 ./Core/Src/stm32f4xx_hal_msp.o
 .debug_line    0x00001566      0x6f1 ./Core/Src/stm32f4xx_hal_timebase_tim.o
 .debug_line    0x00001c57      0xa26 ./Core/Src/stm32f4xx_it.o
 .debug_line    0x0000267d      0x6e9 ./Core/Src/system_stm32f4xx.o
 .debug_line    0x00002d66       0x7a ./Core/Startup/startup_stm32f411ceux.o
 .debug_line    0x00002de0      0x965 ./Drivers/STM32F4xx_HAL_Driver/Src/stm32f4xx_hal.o
 .debug_line    0x00003745      0xc35 ./Drivers/STM32F4xx_HAL_Driver/Src/stm32f4xx_hal_cortex.o
 .debug_line    0x0000437a      0xa81 ./Drivers/STM32F4xx_HAL_Driver/Src/stm32f4xx_hal_gpio.o
 .debug_line    0x00004dfb      0xd72 ./Drivers/STM32F4xx_HAL_Driver/Src/stm32f4xx_hal_rcc.o
 .debug_line    0x00005b6d     0x34a4 ./Drivers/STM32F4xx_HAL_Driver/Src/stm32f4xx_hal_tim.o
 .debug_line    0x00009011     0x1860 ./Drivers/STM32F4xx_HAL_Driver/Src/stm32f4xx_hal_tim_ex.o
 .debug_line    0x0000a871      0x918 ./common/ThirdParty/FreeRTOS/list.o
 .debug_line    0x0000b189     0x185c ./common/ThirdParty/FreeRTOS/queue.o
 .debug_line    0x0000c9e5     0x2280 ./common/ThirdParty/FreeRTOS/tasks.o
 .debug_line    0x0000ec65      0xf7d ./common/ThirdParty/FreeRTOS/timers.o
 .debug_line    0x0000fbe2      0xa3f ./common/ThirdParty/FreeRTOS/portable/GCC/ARM_CM4F/port.o
 .debug_line    0x00010621      0xca7 ./common/ThirdParty/FreeRTOS/portable/MemMang/heap_4.o
 .debug_line    0x000112c8      0x696 ./common/ThirdParty/SEGGER/Config/SEGGER_SYSVIEW_Config_FreeRTOS.o
 .debug_line    0x0001195e      0x96e ./common/ThirdParty/SEGGER/OS/SEGGER_SYSVIEW_FreeRTOS.o
 .debug_line    0x000122cc      0xed9 ./common/ThirdParty/SEGGER/SEGGER/SEGGER_RTT.o
 .debug_line    0x000131a5       0x86 ./common/ThirdParty/SEGGER/SEGGER/SEGGER_RTT_ASM_ARMv7M.o
 .debug_line    0x0001322b     0x2294 ./common/ThirdParty/SEGGER/SEGGER/SEGGER_SYSVIEW.o

.debug_str      0x00000000    0xac171
 .debug_str     0x00000000    0xac171 ./Core/Src/main.o
                              0xa2bf8 (size before relaxing)
 .debug_str     0x000ac171    0x9c6e9 ./Core/Src/stm32f4xx_hal_msp.o
 .debug_str     0x000ac171    0x85d8a ./Core/Src/stm32f4xx_hal_timebase_tim.o
 .debug_str     0x000ac171    0x9ec52 ./Core/Src/stm32f4xx_it.o
 .debug_str     0x000ac171    0x853eb ./Core/Src/system_stm32f4xx.o
 .debug_str     0x000ac171       0x8a ./Core/Startup/startup_stm32f411ceux.o
 .debug_str     0x000ac171    0x85e17 ./Drivers/STM32F4xx_HAL_Driver/Src/stm32f4xx_hal.o
 .debug_str     0x000ac171    0x85b81 ./Drivers/STM32F4xx_HAL_Driver/Src/stm32f4xx_hal_cortex.o
 .debug_str     0x000ac171    0x85566 ./Drivers/STM32F4xx_HAL_Driver/Src/stm32f4xx_hal_gpio.o
 .debug_str     0x000ac171    0x8581f ./Drivers/STM32F4xx_HAL_Driver/Src/stm32f4xx_hal_rcc.o
 .debug_str     0x000ac171    0x86763 ./Drivers/STM32F4xx_HAL_Driver/Src/stm32f4xx_hal_tim.o
 .debug_str     0x000ac171    0x85f6f ./Drivers/STM32F4xx_HAL_Driver/Src/stm32f4xx_hal_tim_ex.o
 .debug_str     0x000ac171    0x1f4c6 ./common/ThirdParty/FreeRTOS/list.o
 .debug_str     0x000ac171    0x22020 ./common/ThirdParty/FreeRTOS/queue.o
 .debug_str     0x000ac171    0x22f1b ./common/ThirdParty/FreeRTOS/tasks.o
 .debug_str     0x000ac171    0x2245f ./common/ThirdParty/FreeRTOS/timers.o
 .debug_str     0x000ac171    0x1dfaa ./common/ThirdParty/FreeRTOS/portable/GCC/ARM_CM4F/port.o
 .debug_str     0x000ac171    0x20fd2 ./common/ThirdParty/FreeRTOS/portable/MemMang/heap_4.o
 .debug_str     0x000ac171    0x1b6bd ./common/ThirdParty/SEGGER/Config/SEGGER_SYSVIEW_Config_FreeRTOS.o
 .debug_str     0x000ac171    0x208ea ./common/ThirdParty/SEGGER/OS/SEGGER_SYSVIEW_FreeRTOS.o
 .debug_str     0x000ac171     0x88df ./common/ThirdParty/SEGGER/SEGGER/SEGGER_RTT.o
 .debug_str     0x000ac171       0xbd ./common/ThirdParty/SEGGER/SEGGER/SEGGER_RTT_ASM_ARMv7M.o
 .debug_str     0x000ac171     0xad4e ./common/ThirdParty/SEGGER/SEGGER/SEGGER_SYSVIEW.o

.comment        0x00000000       0x43
 .comment       0x00000000       0x43 ./Core/Src/main.o
                                 0x44 (size before relaxing)
 .comment       0x00000043       0x44 ./Core/Src/stm32f4xx_hal_msp.o
 .comment       0x00000043       0x44 ./Core/Src/stm32f4xx_hal_timebase_tim.o
 .comment       0x00000043       0x44 ./Core/Src/stm32f4xx_it.o
 .comment       0x00000043       0x44 ./Core/Src/system_stm32f4xx.o
 .comment       0x00000043       0x44 ./Drivers/STM32F4xx_HAL_Driver/Src/stm32f4xx_hal.o
 .comment       0x00000043       0x44 ./Drivers/STM32F4xx_HAL_Driver/Src/stm32f4xx_hal_cortex.o
 .comment       0x00000043       0x44 ./Drivers/STM32F4xx_HAL_Driver/Src/stm32f4xx_hal_gpio.o
 .comment       0x00000043       0x44 ./Drivers/STM32F4xx_HAL_Driver/Src/stm32f4xx_hal_rcc.o
 .comment       0x00000043       0x44 ./Drivers/STM32F4xx_HAL_Driver/Src/stm32f4xx_hal_tim.o
 .comment       0x00000043       0x44 ./Drivers/STM32F4xx_HAL_Driver/Src/stm32f4xx_hal_tim_ex.o
 .comment       0x00000043       0x44 ./common/ThirdParty/FreeRTOS/list.o
 .comment       0x00000043       0x44 ./common/ThirdParty/FreeRTOS/queue.o
 .comment       0x00000043       0x44 ./common/ThirdParty/FreeRTOS/tasks.o
 .comment       0x00000043       0x44 ./common/ThirdParty/FreeRTOS/timers.o
 .comment       0x00000043       0x44 ./common/ThirdParty/FreeRTOS/portable/GCC/ARM_CM4F/port.o
 .comment       0x00000043       0x44 ./common/ThirdParty/FreeRTOS/portable/MemMang/heap_4.o
 .comment       0x00000043       0x44 ./common/ThirdParty/SEGGER/Config/SEGGER_SYSVIEW_Config_FreeRTOS.o
 .comment       0x00000043       0x44 ./common/ThirdParty/SEGGER/OS/SEGGER_SYSVIEW_FreeRTOS.o
 .comment       0x00000043       0x44 ./common/ThirdParty/SEGGER/SEGGER/SEGGER_RTT.o
 .comment       0x00000043       0x44 ./common/ThirdParty/SEGGER/SEGGER/SEGGER_SYSVIEW.o

.debug_frame    0x00000000     0x5400
 .debug_frame   0x00000000      0x134 ./Core/Src/main.o
 .debug_frame   0x00000134       0x34 ./Core/Src/stm32f4xx_hal_msp.o
 .debug_frame   0x00000168       0x74 ./Core/Src/stm32f4xx_hal_timebase_tim.o
 .debug_frame   0x000001dc      0x104 ./Core/Src/stm32f4xx_it.o
 .debug_frame   0x000002e0       0x58 ./Core/Src/system_stm32f4xx.o
 .debug_frame   0x00000338      0x374 ./Drivers/STM32F4xx_HAL_Driver/Src/stm32f4xx_hal.o
 .debug_frame   0x000006ac      0x508 ./Drivers/STM32F4xx_HAL_Driver/Src/stm32f4xx_hal_cortex.o
 .debug_frame   0x00000bb4      0x14c ./Drivers/STM32F4xx_HAL_Driver/Src/stm32f4xx_hal_gpio.o
 .debug_frame   0x00000d00      0x1f4 ./Drivers/STM32F4xx_HAL_Driver/Src/stm32f4xx_hal_rcc.o
 .debug_frame   0x00000ef4     0x11b8 ./Drivers/STM32F4xx_HAL_Driver/Src/stm32f4xx_hal_tim.o
 .debug_frame   0x000020ac      0x638 ./Drivers/STM32F4xx_HAL_Driver/Src/stm32f4xx_hal_tim_ex.o
 .debug_frame   0x000026e4       0xc4 ./common/ThirdParty/FreeRTOS/list.o
 .debug_frame   0x000027a8      0x524 ./common/ThirdParty/FreeRTOS/queue.o
 .debug_frame   0x00002ccc      0xa3c ./common/ThirdParty/FreeRTOS/tasks.o
 .debug_frame   0x00003708      0x430 ./common/ThirdParty/FreeRTOS/timers.o
 .debug_frame   0x00003b38      0x1d0 ./common/ThirdParty/FreeRTOS/portable/GCC/ARM_CM4F/port.o
 .debug_frame   0x00003d08      0x174 ./common/ThirdParty/FreeRTOS/portable/MemMang/heap_4.o
 .debug_frame   0x00003e7c       0x48 ./common/ThirdParty/SEGGER/Config/SEGGER_SYSVIEW_Config_FreeRTOS.o
 .debug_frame   0x00003ec4      0x104 ./common/ThirdParty/SEGGER/OS/SEGGER_SYSVIEW_FreeRTOS.o
 .debug_frame   0x00003fc8      0x52c ./common/ThirdParty/SEGGER/SEGGER/SEGGER_RTT.o
 .debug_frame   0x000044f4      0xe10 ./common/ThirdParty/SEGGER/SEGGER/SEGGER_SYSVIEW.o
 .debug_frame   0x00005304       0x28 /opt/st/stm32cubeide_1.19.0/plugins/com.st.stm32cube.ide.mcu.externaltools.gnu-tools-for-stm32.13.3.rel1.linux64_1.0.0.202410170706/tools/bin/../lib/gcc/arm-none-eabi/13.3.1/../../../../arm-none-eabi/lib/thumb/v7e-m+fp/hard/libc_nano.a(libc_a-memcmp.o)
 .debug_frame   0x0000532c       0x20 /opt/st/stm32cubeide_1.19.0/plugins/com.st.stm32cube.ide.mcu.externaltools.gnu-tools-for-stm32.13.3.rel1.linux64_1.0.0.202410170706/tools/bin/../lib/gcc/arm-none-eabi/13.3.1/../../../../arm-none-eabi/lib/thumb/v7e-m+fp/hard/libc_nano.a(libc_a-memset.o)
 .debug_frame   0x0000534c       0x2c /opt/st/stm32cubeide_1.19.0/plugins/com.st.stm32cube.ide.mcu.externaltools.gnu-tools-for-stm32.13.3.rel1.linux64_1.0.0.202410170706/tools/bin/../lib/gcc/arm-none-eabi/13.3.1/../../../../arm-none-eabi/lib/thumb/v7e-m+fp/hard/libc_nano.a(libc_a-init.o)
 .debug_frame   0x00005378       0x28 /opt/st/stm32cubeide_1.19.0/plugins/com.st.stm32cube.ide.mcu.externaltools.gnu-tools-for-stm32.13.3.rel1.linux64_1.0.0.202410170706/tools/bin/../lib/gcc/arm-none-eabi/13.3.1/../../../../arm-none-eabi/lib/thumb/v7e-m+fp/hard/libc_nano.a(libc_a-memcpy-stub.o)
 .debug_frame   0x000053a0       0x2c /opt/st/stm32cubeide_1.19.0/plugins/com.st.stm32cube.ide.mcu.externaltools.gnu-tools-for-stm32.13.3.rel1.linux64_1.0.0.202410170706/tools/bin/../lib/gcc/arm-none-eabi/13.3.1/thumb/v7e-m+fp/hard/libgcc.a(_aeabi_uldivmod.o)
 .debug_frame   0x000053cc       0x34 /opt/st/stm32cubeide_1.19.0/plugins/com.st.stm32cube.ide.mcu.externaltools.gnu-tools-for-stm32.13.3.rel1.linux64_1.0.0.202410170706/tools/bin/../lib/gcc/arm-none-eabi/13.3.1/thumb/v7e-m+fp/hard/libgcc.a(_udivmoddi4.o)

.debug_line_str
                0x00000000       0xd7
 .debug_line_str
                0x00000000       0xd7 ./Core/Startup/startup_stm32f411ceux.o
                                 0x6e (size before relaxing)
 .debug_line_str
                0x000000d7       0xaf ./common/ThirdParty/SEGGER/SEGGER/SEGGER_RTT_ASM_ARMv7M.o
